// Vitest Snapshot v1, https://vitest.dev/guide/snapshot.html

exports[`TRB Guidance Letter Form > matches the snapshot 1`] = `
<DocumentFragment>
  <div
    class="trb-form-header"
  >
    <div
      class="bg-gray-5 padding-bottom-6"
    >
      <div
        class="grid-container"
        data-testid="gridContainer"
      >
        <div
          class="grid-row"
          data-testid="grid"
        >
          <div
            class="grid-col"
            data-testid="grid"
          >
            <nav
              aria-label="Breadcrumbs"
              class="usa-breadcrumb usa-breadcrumb--wrap padding-bottom-0"
              style="background-color: transparent;"
            >
              <ol
                class="usa-breadcrumb__list"
              >
                <li
                  class="usa-breadcrumb__list-item"
                >
                  <a
                    class="text-primary usa-breadcrumb__link"
                    href="/trb"
                  >
                    <span>
                      Home
                    </span>
                  </a>
                </li>
                <li
                  class="usa-breadcrumb__list-item"
                >
                  <a
                    class="text-primary usa-breadcrumb__link"
                    href="/trb/d8ebedca-0031-4ccd-9690-37390726c50e/guidance"
                  >
                    <span>
                      TRB request details
                    </span>
                  </a>
                </li>
                <li
                  aria-current="page"
                  class="usa-breadcrumb__list-item usa-current"
                >
                  <span>
                    Guidance letter
                  </span>
                </li>
              </ol>
            </nav>
            <h1
              aria-live="polite"
              class="easi-h1 margin-bottom-0"
              tabindex="-1"
            >
              Guidance letter
            </h1>
            <div
              class="font-body-lg line-height-body-5 text-light"
            >
              Document any outcomes, requirements, recommendations, considerations, and other next steps that the TRB has for this request.
            </div>
            <div
              class="margin-top-2 line-height-body-5"
            >
              After submitting this form, the requester will receive an automatic notification letting them know their guidance letter is available.
            </div>
            <div
              class="margin-top-3"
            >
              <button
                class="usa-button usa-button--unstyled"
                data-testid="button"
                type="button"
              >
                <svg
                  aria-hidden="true"
                  class="usa-icon margin-right-05 margin-bottom-2px text-tbottom"
                  focusable="false"
                  height="1em"
                  role="img"
                  viewBox="0 0 24 24"
                  width="1em"
                  xmlns="http://www.w3.org/2000/svg"
                >
                  <path
                    d="M20 11H7.83l5.59-5.59L12 4l-8 8 8 8 1.41-1.41L7.83 13H20v-2z"
                  />
                </svg>
                Save and return to request
              </button>
            </div>
          </div>
        </div>
      </div>
    </div>
    <div
      class="grid-container"
      data-testid="gridContainer"
    >
      <div
        aria-label="progress"
        class="usa-step-indicator margin-top-4 margin-bottom-2"
        data-testid="step-indicator"
      >
        <ol
          class="usa-step-indicator__segments"
        >
          <li
            aria-disabled="false"
            class="usa-step-indicator__segment usa-step-indicator__segment--complete maxw-none usa-step-indicator__segment--clickable"
            data-testid="stepIndicator-0"
          >
            <span
              class="usa-step-indicator__segment-label"
            >
              <span
                class="name"
              >
                What we heard
              </span>
              <span
                class="long"
              >
                What we heard
              </span>
               
              <span
                class="usa-sr-only"
                data-testid="srStatusText"
              >
                completed
              </span>
            </span>
          </li>
          <li
            aria-current="true"
            aria-disabled="true"
            class="usa-step-indicator__segment usa-step-indicator__segment--current maxw-none usa-step-indicator__segment--disabled"
            data-testid="stepIndicator-1"
          >
            <span
              class="usa-step-indicator__segment-label"
            >
              <span
                class="name"
              >
                Guidance and insights
              </span>
              <span
                class="long"
              >
                Guidance and insights
              </span>
               
            </span>
          </li>
          <li
            aria-disabled="false"
            class="usa-step-indicator__segment maxw-none usa-step-indicator__segment--clickable"
            data-testid="stepIndicator-2"
          >
            <span
              class="usa-step-indicator__segment-label"
            >
              <span
                class="name"
              >
                Next steps
              </span>
              <span
                class="long"
              >
                Next steps
              </span>
               
              <span
                class="usa-sr-only"
                data-testid="srStatusText"
              >
                not completed
              </span>
            </span>
          </li>
          <li
            aria-disabled="false"
            class="usa-step-indicator__segment maxw-none usa-step-indicator__segment--clickable"
            data-testid="stepIndicator-3"
          >
            <span
              class="usa-step-indicator__segment-label"
            >
              <span
                class="name"
              >
                Internal review
              </span>
              <span
                class="long"
              >
                Check your work and request an internal review
              </span>
               
              <span
                class="usa-sr-only"
                data-testid="srStatusText"
              >
                not completed
              </span>
            </span>
          </li>
          <li
            aria-disabled="true"
            class="usa-step-indicator__segment maxw-none usa-step-indicator__segment--disabled"
            data-testid="stepIndicator-4"
          >
            <span
              class="usa-step-indicator__segment-label"
            >
              <span
                class="name"
              >
                Check and send
              </span>
              <span
                class="long"
              >
                Check the content of your guidance letter and send it to the requester
              </span>
               
              <span
                class="usa-sr-only"
                data-testid="srStatusText"
              >
                not completed
              </span>
            </span>
          </li>
        </ol>
        <div
          class="usa-step-indicator__header"
        >
          <h4
            class="usa-step-indicator__heading"
          >
            <span
              class="usa-step-indicator__heading-counter"
            >
              <span
                class="usa-sr-only"
                data-testid="step-text"
              >
                Step
              </span>
              <span
                class="usa-step-indicator__current-step"
              >
                2
              </span>
               
              <span
                class="usa-step-indicator__total-steps"
              >
                of 5
              </span>
               
            </span>
            <span
              class="usa-step-indicator__heading-text"
            >
              <span
                class="name"
              >
                Guidance and insights
              </span>
              <span
                class="long"
              >
                Guidance and insights
              </span>
            </span>
          </h4>
        </div>
      </div>
      <div
        class="line-height-body-5 text-light"
      >
        Add requirements, recommendations, considerations for the project team. Provide a title, description, and any useful resources for each one. Requirements stipulate that the project team must implement this change or solution in order to maintain their LCID and continue receiving funding. Requirements may be submitted to CFACTS if not implemented, or in the process of implementation, within the provided timeline. The TRB should inform project teams if requirements will be submitted. A recommendation indicates that the project team should strongly consider implementing this change, as it will benefit both the project team and CMS. A consideration suggests that the project team should evaluate this option, but it will not significantly impact their system or CMS.
      </div>
    </div>
  </div>
  <div
    class="grid-container"
    data-testid="gridContainer"
  >
    <div
      class=""
      data-testid="grid"
    >
      <div
        id="trbGuidanceInsights"
      >
        <button
          class="usa-button usa-button--outline margin-top-5 margin-bottom-1"
          data-testid="button"
          type="button"
        >
          Add additional guidance
        </button>
        <div
          class="easi-divider margin-top-2 margin-bottom-4"
        />
        <div
          class="margin-bottom-7"
        >
          <div
            class="usa-alert usa-alert--info usa-alert--slim margin-bottom-4"
            data-testid="alert"
          >
            <div
              class="usa-alert__body"
            >
              <p
                class="usa-alert__text"
              >
                If you have two or more items per category, you can use arrows on the left side of each to reorder them within the category. Edit the guidance to change the category.
              </p>
            </div>
          </div>
          <div>
            <h3
              class="margin-bottom-05"
              id="categoryHeading"
            >
              Requirements
            </h3>
            <p
              class="margin-top-05 margin-bottom-3 line-height-body-5"
            >
              A requirement stipulates that the project team must implement this change or solution in order to maintain their LCID and continue receiving funding. Requirements may be submitted to CFACTS if not implemented or are still in the process of implementation within the provided timeline. The TRB will inform project teams if requirements will be submitted.
            </p>
            <div
              class="usa-alert usa-alert--info usa-alert--slim margin-top-neg-1 margin-bottom-4"
              data-testid="alert"
            >
              <div
                class="usa-alert__body"
              >
                <p
                  class="usa-alert__text"
                >
                  This guidance letter does not have any guidance categorized as a requirement.
                </p>
              </div>
            </div>
          </div>
          <div>
            <h3
              class="margin-bottom-05"
              id="categoryHeading"
            >
              Recommendations
            </h3>
            <p
              class="margin-top-05 margin-bottom-3 line-height-body-5"
            >
              A recommendation indicates that the project team should strongly consider implementing this change, as it will benefit both the project team and CMS.
            </p>
            <ul
              aria-labelledby="categoryHeading"
              class="usa-list usa-list--unstyled"
            >
              <li
                class="margin-bottom-3"
                data-testid="insights_list-item"
              >
                <div
                  class="bg-base-lightest padding-top-2 padding-bottom-105 padding-left-105 padding-right-3 display-flex"
                >
                  <div
                    class="margin-right-2 display-flex flex-column flex-align-center line-height-body-1"
                    data-testid="reorder-controls"
                  >
                    <button
                      aria-label="Increase guidance sort order"
                      class="usa-button usa-button--unstyled height-3"
                      data-testid="button"
                      type="button"
                    >
                      <svg
                        aria-label="dropup"
                        class="usa-icon usa-icon--size-3 text-primary"
                        focusable="false"
                        height="1em"
                        role="img"
                        viewBox="0 0 24 24"
                        width="1em"
                        xmlns="http://www.w3.org/2000/svg"
                      >
                        <path
                          d="m7 14 5-5 5 5z"
                        />
                      </svg>
                    </button>
                    <span
                      data-testid="order-index"
                    >
                      1
                    </span>
                    <button
                      aria-label="Decrease guidance sort order"
                      class="usa-button usa-button--unstyled height-3"
                      data-testid="button"
                      type="button"
                    >
                      <svg
                        aria-label="dropdown"
                        class="usa-icon usa-icon--size-3 text-primary"
                        focusable="false"
                        height="1em"
                        role="img"
                        viewBox="0 0 24 24"
                        width="1em"
                        xmlns="http://www.w3.org/2000/svg"
                      >
                        <path
                          d="m7 10 5 5 5-5z"
                        />
                      </svg>
                    </button>
                  </div>
                  <div
                    class="width-full padding-bottom-2 padding-top-105"
                  >
                    <h4
                      class="margin-top-0 margin-bottom-2"
                    >
                      Insight 1
                    </h4>
                    <div
                      class="easi-toast easi-toast-viewer margin-top-1 font-body-md text-light line-height-body-4"
                    >
                      <div>
                        <div
                          class="toastui-editor-contents"
                          style="overflow-wrap: break-word;"
                        >
                          <p
                            data-nodeid="1"
                          >
                            This is the insight text
                          </p>
                          

                        </div>
                      </div>
                    </div>
                    <p
                      class="margin-bottom-0 margin-top-2 font-body-xs"
                    >
                      Resources
                    </p>
                    <ul
                      class="usa-list usa-list--unstyled margin-bottom-05"
                    >
                      <li>
                        <a
                          aria-label="Open easi.cms.gov in a new tab"
                          class="usa-link"
                          href="/"
                          rel="noopener noreferrer"
                          target="_blank"
                        >
                          easi.cms.gov
                        </a>
                      </li>
                      <li>
                        <a
                          aria-label="Open https://google.com in a new tab"
                          class="usa-link usa-link--external"
                          href="https://google.com/"
                          rel="noopener noreferrer"
                          target="_blank"
                        >
                          google.com
                        </a>
                      </li>
                    </ul>
                  </div>
                </div>
                <ul
                  class="usa-button-group"
                >
                  <li
                    class="usa-button-group__item"
                  >
                    <button
                      class="usa-button usa-button--unstyled"
                      data-testid="button"
                      type="button"
                    >
                      Edit guidance
                    </button>
                  </li>
                  <li
                    class="usa-button-group__item"
                  >
                    <button
                      class="usa-button usa-button--unstyled text-secondary margin-left-1"
                      data-testid="button"
                      type="button"
                    >
                      Remove guidance
                    </button>
                  </li>
                </ul>
              </li>
              <li
                class="margin-bottom-3"
                data-testid="insights_list-item"
              >
                <div
                  class="bg-base-lightest padding-top-2 padding-bottom-105 padding-left-105 padding-right-3 display-flex"
                >
                  <div
                    class="margin-right-2 display-flex flex-column flex-align-center line-height-body-1"
                    data-testid="reorder-controls"
                  >
                    <button
                      aria-label="Increase guidance sort order"
                      class="usa-button usa-button--unstyled height-3"
                      data-testid="button"
                      type="button"
                    >
                      <svg
                        aria-label="dropup"
                        class="usa-icon usa-icon--size-3 text-primary"
                        focusable="false"
                        height="1em"
                        role="img"
                        viewBox="0 0 24 24"
                        width="1em"
                        xmlns="http://www.w3.org/2000/svg"
                      >
                        <path
                          d="m7 14 5-5 5 5z"
                        />
                      </svg>
                    </button>
                    <span
                      data-testid="order-index"
                    >
                      2
                    </span>
                    <button
                      aria-label="Decrease guidance sort order"
                      class="usa-button usa-button--unstyled height-3"
                      data-testid="button"
                      type="button"
                    >
                      <svg
                        aria-label="dropdown"
                        class="usa-icon usa-icon--size-3 text-primary"
                        focusable="false"
                        height="1em"
                        role="img"
                        viewBox="0 0 24 24"
                        width="1em"
                        xmlns="http://www.w3.org/2000/svg"
                      >
                        <path
                          d="m7 10 5 5 5-5z"
                        />
                      </svg>
                    </button>
                  </div>
                  <div
                    class="width-full padding-bottom-2 padding-top-105"
                  >
                    <h4
                      class="margin-top-0 margin-bottom-2"
                    >
                      Insight 2
                    </h4>
                    <div
                      class="easi-toast easi-toast-viewer margin-top-1 font-body-md text-light line-height-body-4"
                    >
                      <div>
                        <div
                          class="toastui-editor-contents"
                          style="overflow-wrap: break-word;"
                        >
                          <p
                            data-nodeid="3"
                          >
                            This is the insight text
                          </p>
                          

                        </div>
                      </div>
                    </div>
                    <p
                      class="margin-bottom-0 margin-top-2 font-body-xs"
                    >
                      Resources
                    </p>
                    <ul
                      class="usa-list usa-list--unstyled margin-bottom-05"
                    >
                      <li>
                        <a
                          aria-label="Open easi.cms.gov in a new tab"
                          class="usa-link"
                          href="/"
                          rel="noopener noreferrer"
                          target="_blank"
                        >
                          easi.cms.gov
                        </a>
                      </li>
                      <li>
                        <a
                          aria-label="Open cms.gov in a new tab"
                          class="usa-link usa-link--external"
                          href="https://cms.gov/"
                          rel="noopener noreferrer"
                          target="_blank"
                        >
                          cms.gov
                        </a>
                      </li>
                    </ul>
                  </div>
                </div>
                <ul
                  class="usa-button-group"
                >
                  <li
                    class="usa-button-group__item"
                  >
                    <button
                      class="usa-button usa-button--unstyled"
                      data-testid="button"
                      type="button"
                    >
                      Edit guidance
                    </button>
                  </li>
                  <li
                    class="usa-button-group__item"
                  >
                    <button
                      class="usa-button usa-button--unstyled text-secondary margin-left-1"
                      data-testid="button"
                      type="button"
                    >
                      Remove guidance
                    </button>
                  </li>
                </ul>
              </li>
              <li
                class="margin-bottom-3"
                data-testid="insights_list-item"
              >
                <div
                  class="bg-base-lightest padding-top-2 padding-bottom-105 padding-left-105 padding-right-3 display-flex"
                >
                  <div
                    class="margin-right-2 display-flex flex-column flex-align-center line-height-body-1"
                    data-testid="reorder-controls"
                  >
                    <button
                      aria-label="Increase guidance sort order"
                      class="usa-button usa-button--unstyled height-3"
                      data-testid="button"
                      type="button"
                    >
                      <svg
                        aria-label="dropup"
                        class="usa-icon usa-icon--size-3 text-primary"
                        focusable="false"
                        height="1em"
                        role="img"
                        viewBox="0 0 24 24"
                        width="1em"
                        xmlns="http://www.w3.org/2000/svg"
                      >
                        <path
                          d="m7 14 5-5 5 5z"
                        />
                      </svg>
                    </button>
                    <span
                      data-testid="order-index"
                    >
                      3
                    </span>
                    <button
                      aria-label="Decrease guidance sort order"
                      class="usa-button usa-button--unstyled height-3"
                      data-testid="button"
                      type="button"
                    >
                      <svg
                        aria-label="dropdown"
                        class="usa-icon usa-icon--size-3 text-primary"
                        focusable="false"
                        height="1em"
                        role="img"
                        viewBox="0 0 24 24"
                        width="1em"
                        xmlns="http://www.w3.org/2000/svg"
                      >
                        <path
                          d="m7 10 5 5 5-5z"
                        />
                      </svg>
                    </button>
                  </div>
                  <div
                    class="width-full padding-bottom-2 padding-top-105"
                  >
                    <h4
                      class="margin-top-0 margin-bottom-2"
                    >
                      Insight 3
                    </h4>
                    <div
                      class="easi-toast easi-toast-viewer margin-top-1 font-body-md text-light line-height-body-4"
                    >
                      <div>
                        <div
                          class="toastui-editor-contents"
                          style="overflow-wrap: break-word;"
                        >
                          <p
                            data-nodeid="5"
                          >
                            This is the insight text
                          </p>
                          

                        </div>
                      </div>
                    </div>
                  </div>
                </div>
                <ul
                  class="usa-button-group"
                >
                  <li
                    class="usa-button-group__item"
                  >
                    <button
                      class="usa-button usa-button--unstyled"
                      data-testid="button"
                      type="button"
                    >
                      Edit guidance
                    </button>
                  </li>
                  <li
                    class="usa-button-group__item"
                  >
                    <button
                      class="usa-button usa-button--unstyled text-secondary margin-left-1"
                      data-testid="button"
                      type="button"
                    >
                      Remove guidance
                    </button>
                  </li>
                </ul>
              </li>
            </ul>
          </div>
          <div>
            <h3
              class="margin-bottom-05"
              id="categoryHeading"
            >
              Considerations
            </h3>
            <p
              class="margin-top-05 margin-bottom-3 line-height-body-5"
            >
              A consideration suggests that the project team should evaluate this option, but it will not significantly impact their system or CMS.
            </p>
            <div
              class="usa-alert usa-alert--info usa-alert--slim margin-top-neg-1 margin-bottom-4"
              data-testid="alert"
            >
              <div
                class="usa-alert__body"
              >
                <p
                  class="usa-alert__text"
                >
                  This guidance letter does not have any guidance categorized as a consideration.
                </p>
              </div>
            </div>
          </div>
        </div>
        <div
          class="margin-top-4"
        >
          <ul
            class="usa-button-group"
          >
            <li
              class="usa-button-group__item"
            >
              <div
                class="display-flex flex-align-center"
              >
                <button
                  class="usa-button usa-button--outline margin-top-0 margin-bottom-1 mobile-lg:margin-bottom-0"
                  data-testid="pager-back-button"
                  type="button"
                >
                  Back
                </button>
              </div>
            </li>
            <li
              class="usa-button-group__item"
            >
              <div
                class="display-flex flex-align-center"
              >
                <button
                  class="usa-button margin-top-0"
                  data-testid="pager-next-button"
                  type="submit"
                >
                  Next
                </button>
              </div>
            </li>
          </ul>
          <button
            class="usa-button usa-button--unstyled margin-top-2 display-flex flex-align-center"
            data-testid="button"
            type="button"
          >
            <svg
              aria-hidden="true"
              class="usa-icon margin-right-05"
              focusable="false"
              height="1em"
              role="img"
              viewBox="0 0 24 24"
              width="1em"
              xmlns="http://www.w3.org/2000/svg"
            >
              <path
                d="M20 11H7.83l5.59-5.59L12 4l-8 8 8 8 1.41-1.41L7.83 13H20v-2z"
              />
            </svg>
            Save and return to request
          </button>
        </div>
      </div>
    </div>
  </div>
</DocumentFragment>
`;
