// Vitest Snapshot v1, https://vitest.dev/guide/snapshot.html

exports[`Business owner task list approved view > matches the snapshot 1`] = `
<DocumentFragment>
  <div
    class="easi-governance-decision__info"
    data-testid="grt-approved"
  >
    <h2
      class="margin-top-0"
    >
      Your business case has been approved.
    </h2>
    <dl>
      <dt>
        Project Life Cycle ID
      </dt>
      <dd
        class="margin-left-0 font-body-xl text-bold"
      >
        123456
      </dd>
    </dl>
    <h3>
      Life Cycle ID Scope
    </h3>
    <div
      class="easi-toast easi-toast-viewer margin-y-2"
    >
      <div>
        <div
          class="toastui-editor-contents"
          style="overflow-wrap: break-word;"
        >
          <p
            data-nodeid="5"
          >
            Test scope
          </p>
          

        </div>
      </div>
    </div>
    <p
      class="text-bold"
    >
      This ID expires on July 19, 2021
    </p>
  </div>
  <h3>
    Next steps
  </h3>
  <div
    class="usa-alert usa-alert--info"
    data-testid="alert"
  >
    <div
      class="usa-alert__body"
    >
      <p
        class="usa-alert__text"
      >
        Finish these next steps to complete the governance review process.
      </p>
    </div>
  </div>
  <div
    class="easi-toast easi-toast-viewer margin-y-2"
  >
    <div>
      <div
        class="toastui-editor-contents"
        style="overflow-wrap: break-word;"
      >
        <p
          data-nodeid="7"
        >
          Test next steps
        </p>
        

      </div>
    </div>
  </div>
  <div
    class="margin-top-4"
  >
    <a
      class="usa-button margin-bottom-2"
      href="/governance-task-list/40e866cb-6bf4-4b1a-8fc6-bf0d8328cdfc"
    >
      Return to task list
    </a>
  </div>
</DocumentFragment>
`;
