// Vitest Snapshot v1, https://vitest.dev/guide/snapshot.html

exports[`TRB admin home > matches the snapshot 1`] = `
<DocumentFragment>
  <div
    id="trbAdminHome"
  >
    <div
      class="easi-admin-summary"
    >
      <section
        class="easi-admin-summary__request-details bg-primary-darker"
      >
        <div
          class="grid-container text-white padding-bottom-1"
          data-testid="gridContainer"
        >
          <nav
            aria-label="Breadcrumbs"
            class="usa-breadcrumb usa-breadcrumb--wrap bg-transparent text-white"
          >
            <ol
              class="usa-breadcrumb__list"
            >
              <li
                class="usa-breadcrumb__list-item"
              >
                <a
                  class="text-white text-underline usa-breadcrumb__link"
                  href="/"
                >
                  Home
                </a>
              </li>
              <li
                aria-current="page"
                class="usa-breadcrumb__list-item usa-current"
              >
                TRB request details
              </li>
            </ol>
          </nav>
          <div
            class="display-flex flex-align-end flex-wrap margin-bottom-2"
          >
            <h2
              class="margin-top-05 margin-bottom-0 margin-right-2"
            >
              Mock TRB Request
            </h2>
            <p
              class="margin-y-05 text-primary-light"
              data-testid="summary-submissionDate"
            >
              Submitted on 01/05/2023
            </p>
          </div>
          <div
            class="grid-row grid-gap"
            data-testid="grid"
          >
            <div
              class="tablet:grid-col-8"
              data-testid="grid"
            >
              <h5
                class="text-normal margin-y-0"
              >
                Request type
              </h5>
              <h4
                class="margin-top-05 margin-bottom-2"
              >
                I’m having a problem with my system
              </h4>
              <h5
                class="text-normal margin-y-0"
              >
                System, service, or contract name
              </h5>
              <h4
                class="margin-top-05 margin-bottom-2"
              >
                None specified
              </h4>
            </div>
            <div
              class="tablet:grid-col-4"
              data-testid="grid"
            >
              <h5
                class="text-normal margin-y-0"
              >
                Requester
              </h5>
              <h4
                class="margin-top-05 margin-bottom-2"
                data-testid="trbSummary-requester_ABCD"
              >
                Adeline Aarons, CMS
              </h4>
              <h5
                class="text-normal margin-y-0"
              >
                Contract number
              </h5>
              <h4
                class="margin-top-05 margin-bottom-2"
              >
                123124455432
              </h4>
            </div>
          </div>
        </div>
      </section>
      <section
        class="easi-admin-summary__status bg-base-lightest"
      >
        <div
          class="grid-container padding-y-1"
          data-testid="gridContainer"
        >
          <div
            class="grid-row grid-gap"
            data-testid="grid"
          >
            <div
              class="desktop:grid-col-8"
              data-testid="grid"
            >
              <div>
                <h4
                  class="margin-right-1"
                >
                  Status
                </h4>
                <span
                  class="easi-tag easi-state-tag text-white bg-info-dark"
                  data-testid="request-state"
                >
                  Open
                </span>
              </div>
              <p
                class="text-base-dark"
                data-testid="trbSummary-status"
              >
                Draft request form
              </p>
            </div>
            <div
              class="tablet:grid-col-4"
              data-testid="trbSummary-trbLead"
            >
              <h4
                class="text-no-wrap width-full tablet:width-auto"
              >
                TRB Lead
              </h4>
              <span
                class="display-flex flex-align-center"
              >
                <svg
                  class="usa-icon text-error margin-right-05"
                  focusable="false"
                  height="1em"
                  role="img"
                  viewBox="0 0 24 24"
                  width="1em"
                  xmlns="http://www.w3.org/2000/svg"
                >
                  <path
                    d="M0 0h24v24H0z"
                    fill="none"
                  />
                  <path
                    d="M12 2C6.48 2 2 6.48 2 12s4.48 10 10 10 10-4.48 10-10S17.52 2 12 2zm1 15h-2v-2h2v2zm0-4h-2V7h2v6z"
                  />
                </svg>
                Not assigned
              </span>
              <button
                class="usa-button usa-button--unstyled width-auto"
                type="button"
              >
                Assign
              </button>
            </div>
          </div>
        </div>
      </section>
    </div>
    <div
      class="grid-container"
      data-testid="gridContainer"
    >
      <div
        class="grid-row margin-top-5 grid-gap"
        data-testid="grid"
      >
        <div
          class="grid-col desktop:grid-col-3 display-none desktop:display-block"
          data-testid="grid"
        >
          <nav
            class="sticky"
            style="top: 4rem;"
          >
            <ul
              class="trb-admin__nav-list usa-list usa-list--unstyled"
            >
              <li
                class="trb-admin__view-all-link margin-bottom-4"
              >
                <a
                  href="/"
                >
                  <svg
                    aria-hidden="true"
                    class="usa-icon"
                    focusable="false"
                    height="1em"
                    role="img"
                    viewBox="0 0 24 24"
                    width="1em"
                    xmlns="http://www.w3.org/2000/svg"
                  >
                    <path
                      d="M0 0h24v24H0z"
                      fill="none"
                    />
                    <path
                      d="M20 11H7.83l5.59-5.59L12 4l-8 8 8 8 1.41-1.41L7.83 13H20v-2z"
                    />
                  </svg>
                  Back to all requests
                </a>
              </li>
              <li
                class="trb-admin__nav-link trb-admin__nav-link--active trb-admin__nav-link--border"
              >
                <a
                  href="/trb/d8ebedca-0031-4ccd-9690-37390726c50e/request"
                >
                  <span>
                    Request home
                  </span>
                </a>
              </li>
              <li
                class="trb-admin__nav-link"
              >
                <a
                  href="/trb/d8ebedca-0031-4ccd-9690-37390726c50e/initial-request-form"
                >
                  <span>
                    Initial request form
                  </span>
                </a>
              </li>
              <li
                class="trb-admin__nav-link"
              >
                <a
                  href="/trb/d8ebedca-0031-4ccd-9690-37390726c50e/documents"
                >
                  <span>
                    Supporting documents
                  </span>
                </a>
              </li>
              <li
                class="trb-admin__nav-link"
              >
                <a
                  href="/trb/d8ebedca-0031-4ccd-9690-37390726c50e/feedback"
                >
                  <span>
                    Feedback
                  </span>
                </a>
              </li>
              <li
                class="trb-admin__nav-link trb-admin__nav-link--border"
              >
                <a
                  href="/trb/d8ebedca-0031-4ccd-9690-37390726c50e/guidance"
                >
                  <span>
                    Guidance letter
                  </span>
                </a>
              </li>
              <li
                class="trb-admin__nav-link trb-admin__nav-link--border"
              >
                <a
                  href="/trb/d8ebedca-0031-4ccd-9690-37390726c50e/additional-information"
                >
                  <span>
                    Additional information
                  </span>
                </a>
              </li>
              <li
                class="trb-admin__nav-link"
              >
                <a
                  href="/trb/d8ebedca-0031-4ccd-9690-37390726c50e/notes"
                >
                  <span>
                    Notes
                  </span>
                </a>
              </li>
            </ul>
          </nav>
        </div>
        <div
          class="grid-col desktop:grid-col-9"
          data-testid="grid"
        >
          <div
            class="trbAdmin__request margin-bottom-2"
            data-testid="trb-admin-home__request"
            id="trbAdmin__request"
          >
            <div
              class="grid-row grid-gap-lg"
              data-testid="grid"
            >
              <div
                class="tablet:grid-col-8"
                data-testid="grid"
              >
                <h1
                  class="margin-top-0 margin-bottom-1"
                >
                  Request home
                </h1>
              </div>
              <div
                class="tablet:grid-col-4"
                data-testid="grid"
              >
                <div
                  class="trb-admin-home__request-notes bg-base-lightest padding-x-2 padding-y-1 margin-bottom-3"
                  data-testid="trb-admin-home__request-notes"
                >
                  <p
                    class="margin-y-0 line-height-body-5"
                    data-testid="note-box-count"
                  >
                    <span
                      class="text-bold"
                    >
                      1
                    </span>
                     note about this request
                  </p>
                  <div
                    class="margin-top-05 display-flex"
                  >
                    <div
                      class="desktop:grid-col-6"
                      data-testid="grid"
                    >
                      <button
                        class="usa-button usa-button--unstyled"
                        data-testid="note-modal-button"
                        type="button"
                      >
                        View notes
                      </button>
                    </div>
                    <div
                      class="desktop:grid-col-6"
                      data-testid="grid"
                    >
                      <button
                        class="usa-button usa-button--unstyled"
                        data-testid="note-modal-button"
                        type="button"
                      >
                        Add a note
                      </button>
                    </div>
                  </div>
                </div>
              </div>
            </div>
            <h2
              class="margin-top-4 margin-bottom-3"
            >
              Consult meeting details
            </h2>
            <p
              class="text-bold margin-bottom-1"
            >
              Date and time
            </p>
            <div
              class="usa-alert usa-alert--info usa-alert--slim margin-y-1 margin-top-2"
              data-testid="alert"
            >
              <div
                class="usa-alert__body"
              >
                <p
                  class="usa-alert__text"
                >
                  Please wait until the initial request form is submitted, then review the form before setting a date and time in EASi.
                </p>
              </div>
            </div>
            <h3
              class="margin-top-4 margin-bottom-3"
            >
              TRB representatives
            </h3>
            <p
              class="text-bold"
            >
              TRB Lead
            </p>
            <button
              class="usa-button usa-button--outline"
              type="button"
            >
              Assign a TRB Lead
            </button>
            <div
              class="easi-divider margin-top-6 margin-bottom-5"
            />
            <h2
              class="margin-y-3"
            >
              Forms and documents
            </h2>
            <ul
              class="usa-card-group tablet:grid-col-10"
              data-testid="CardGroup"
            >
              <li
                class="usa-card flex-1 information-card margin-bottom-2"
                data-testid="Card"
              >
                <div
                  class="usa-card__container"
                >
                  <header
                    class="usa-card__header"
                    data-testid="CardHeader"
                  >
                    <h3
                      class="margin-0"
                    >
                      Initial request form
                    </h3>
                    <p
                      class="text-base margin-0"
                    >
                      Completed by requester
                    </p>
                  </header>
                  <div
                    class="usa-card__body"
                    data-testid="CardBody"
                  >
                    <div
                      class="display-flex flex-align-center line-height-body-5 margin-bottom-2"
                    >
                      <span
                        class="easi-tag easi-task-status-tag bg-warning"
                        data-testid="task-list-task-tag"
                      >
                        In progress
                      </span>
                    </div>
                    <dt
                      class="text-bold"
                    >
                      Last updated
                    </dt>
                    <dd
                      class="margin-left-0 margin-bottom-1"
                    >
                      Not started
                    </dd>
                  </div>
                  <div
                    class="usa-card__footer"
                    data-testid="CardFooter"
                  >
                    <button
                      class="usa-button usa-button--outline"
                      data-testid="button"
                      type="button"
                    >
                      View
                    </button>
                  </div>
                </div>
              </li>
              <li
                class="usa-card flex-1 information-card margin-bottom-2"
                data-testid="Card"
              >
                <div
                  class="usa-card__container"
                >
                  <header
                    class="usa-card__header"
                    data-testid="CardHeader"
                  >
                    <h3
                      class="margin-0"
                    >
                      Guidance letter
                    </h3>
                    <p
                      class="text-base margin-0"
                    >
                      To be completed by TRB
                    </p>
                  </header>
                  <div
                    class="usa-card__body"
                    data-testid="CardBody"
                  >
                    <div
                      class="display-flex flex-align-center line-height-body-5 margin-bottom-2"
                    >
                      <span
                        class="easi-tag easi-task-status-tag border-2px text-base"
                        data-testid="task-list-task-tag"
                      >
                        Cannot start yet
                      </span>
                    </div>
                    <dt
                      class="text-bold"
                    >
                      Last updated
                    </dt>
                    <dd
                      class="margin-left-0 margin-bottom-1"
                    >
                      Not started
                    </dd>
                  </div>
                  <div
                    class="usa-card__footer"
                    data-testid="CardFooter"
                  >
                    <button
                      class="usa-button"
                      data-testid="button"
                      disabled=""
                      type="button"
                    >
                      Start guidance letter
                    </button>
                  </div>
                </div>
              </li>
            </ul>
            <p
              class="text-bold margin-bottom-105"
            >
              Supporting documents
            </p>
            <div
              data-testid="document-count"
            >
              There are 
              <span
                class="text-bold"
              >
                0
              </span>
               additional documents uploaded as a part of this request.
            </div>
            <a
              class="usa-link display-flex flex-align-center margin-top-2"
              href="/trb/d8ebedca-0031-4ccd-9690-37390726c50e/documents"
            >
              View documents
              <svg
                class="usa-icon margin-left-1"
                focusable="false"
                height="1em"
                role="img"
                viewBox="0 0 24 24"
                width="1em"
                xmlns="http://www.w3.org/2000/svg"
              >
                <path
                  d="M0 0h24v24H0z"
                  fill="none"
                />
                <path
                  d="m12 4-1.41 1.41L16.17 11H4v2h12.17l-5.58 5.59L12 20l8-8z"
                />
              </svg>
            </a>
          </div>
        </div>
      </div>
    </div>
  </div>
</DocumentFragment>
`;
