// Jest Snapshot v1, https://goo.gl/fbAQLP

exports[`The Cookies static page matches the snapshot 1`] = `
<div
  className="easi-page-wrapper easi-prepare-for-grt"
>
  <header
    className="usa-header easi-header"
    role="banner"
  >
    <section
      aria-label="Official government website"
      className="usa-banner"
    >
      <div
        className="usa-accordion"
      >
        <header
          className="usa-banner__header"
        >
          <div
            className="usa-banner__inner"
          >
            <div
              className="grid-col-auto"
            >
              <img
                alt="U.S. flag"
                className="usa-banner__header-flag"
                src="us_flag_small.png"
              />
            </div>
            <div
              className="grid-col-fill tablet:grid-col-auto"
            >
              <p
                className="usa-banner__header-text"
              >
                An official website of the United States government
              </p>
              <p
                aria-hidden="true"
                className="usa-banner__header-action"
              >
                Here’s how you know
              </p>
            </div>
            <button
              aria-controls="gov-banner"
              aria-expanded={false}
              className="usa-accordion__button usa-banner__button"
              onClick={[Function]}
              type="button"
            >
              <span
                className="usa-banner__button-text"
              >
                Here’s how you know
              </span>
            </button>
          </div>
        </header>
        <div
          className="usa-banner__content usa-accordion__content"
          hidden={true}
          id="gov-banner"
        >
          <div
            className="grid-row grid-gap-lg"
          >
            <div
              className="usa-banner__guidance tablet:grid-col-6"
            >
              <img
                alt="Dot gov"
                className="usa-banner__icon usa-media-block__img"
                src="icon-dot-gov.svg"
              />
              <div
                className="usa-media-block__body"
              >
                <p>
                  <strong>
                    Official websites use .gov
                  </strong>
                  <br />
                  A 
                  <strong>
                    .gov
                  </strong>
                   website belongs to an official government organization in the United States.
                </p>
              </div>
            </div>
            <div
              className="usa-banner__guidance tablet:grid-col-6"
            >
              <img
                alt="Https"
                className="usa-banner__icon usa-media-block__img"
                src="icon-https.svg"
              />
              <div
                className="usa-media-block__body"
              >
                <p>
                  <strong>
                    Secure .gov websites use HTTPS
                  </strong>
                  <br />
                  A 
                  <strong>
                    lock
                  </strong>
                   (
                  <span
                    className="icon-lock"
                  >
                    <svg
                      aria-labelledby="banner-lock-title banner-lock-description"
                      className="usa-banner__lock-image"
                      height="64"
                      role="img"
                      viewBox="0 0 52 64"
                      width="52"
                      xmlns="http://www.w3.org/2000/svg"
                    >
                      <title
                        id="banner-lock-title"
                      >
                        Lock
                      </title>
                      <desc
                        id="banner-lock-description"
                      >
                        A locked padlock
                      </desc>
                      <path
                        d="M26 0c10.493 0 19 8.507 19 19v9h3a4 4 0 0 1 4 4v28a4 4 0 0 1-4 4H4a4 4 0 0 1-4-4V32a4 4 0 0 1 4-4h3v-9C7 8.507 15.507 0 26 0zm0 8c-5.979 0-10.843 4.77-10.996 10.712L15 19v9h22v-9c0-6.075-4.925-11-11-11z"
                        fill="#000000"
                        fillRule="evenodd"
                      />
                    </svg>
                  </span>
                  ) or 
                  <strong>
                    https://
                  </strong>
                   means you’ve safely connected to the .gov website. Share sensitive information only on official, secure websites.
                </p>
              </div>
            </div>
          </div>
        </div>
      </div>
    </section>
    <div
      className="grid-container easi-header__basic"
    >
      <div
        className="usa-logo site-logo"
        id="logo"
      >
        <a
          href="/"
          onClick={[Function]}
        >
          <em
            aria-label="EASi home"
            className="usa-logo__text"
          >
            EASi
          </em>
        </a>
      </div>
      <div>
        <div
          className="navbar--container easi-nav__user"
        >
          John Doe
          <div>
              |  
          </div>
          <button
            aria-controls="sign-out"
            aria-expanded="false"
            className="usa-button usa-button--unstyled"
            data-testid="signout-link"
            onClick={[Function]}
            type="button"
          >
            Sign Out
          </button>
        </div>
        <button
          className="usa-menu-btn"
          onClick={[Function]}
          type="button"
        >
          <span
            className="fa fa-bars"
          />
        </button>
      </div>
    </div>
    <nav
      aria-label="Navigation Bar"
      className="border-top-light"
      data-testid="navigation-bar"
    >
      <div
        className="grid-container"
      >
        <nav
          aria-label="Primary navigation"
          className="usa-nav"
        >
          <button
            className="usa-nav__close"
            data-testid="navCloseButton"
            onClick={[Function]}
            type="button"
          >
            <img
              alt="close"
              src="data:image/svg+xml;base64,PD94bWwgdmVyc2lvbj0iMS4wIiBlbmNvZGluZz0iVVRGLTgiPz48c3ZnIHhtbG5zPSJodHRwOi8vd3d3LnczLm9yZy8yMDAwL3N2ZyIgd2lkdGg9IjY0IiBoZWlnaHQ9IjY0IiB2aWV3Qm94PSIwIDAgNjQgNjQiPjx0aXRsZT5jbG9zZTwvdGl0bGU+PHBhdGggZmlsbD0iIzU2NUM2NSIgZmlsbC1ydWxlPSJldmVub2RkIiBkPSJNNTcuMDQyIDEuMTVsNS44MDkgNS44MDhhNCA0IDAgMCAxIDAgNS42NTdMNDMuNDY1IDMybDE5LjM4NiAxOS4zODVhNCA0IDAgMCAxIDAgNS42NTdsLTUuODA5IDUuODA5YTQgNCAwIDAgMS01LjY1NyAwTDMyIDQzLjQ2NSAxMi42MTUgNjIuODUxYTQgNCAwIDAgMS01LjY1NyAwbC01LjgwOS01LjgwOWE0IDQgMCAwIDEgMC01LjY1N0wyMC41MzUgMzIgMS4xNDkgMTIuNjE1YTQgNCAwIDAgMSAwLTUuNjU3bDUuODA5LTUuODA5YTQgNCAwIDAgMSA1LjY1NyAwTDMyIDIwLjUzNSA1MS4zODUgMS4xNDlhNCA0IDAgMCAxIDUuNjU3IDB6Ii8+PC9zdmc+"
            />
          </button>
          <ul
            className="usa-nav__primary usa-accordion"
          >
            <li
              className="usa-nav__primary-item"
            >
              <div
                className="easi-nav"
              >
                <a
                  aria-current="page"
                  className="easi-nav__link usa-current"
                  href="/"
                  onClick={[Function]}
                  style={Object {}}
                >
                  <em
                    aria-label="Home"
                    className="usa-logo__text easi-nav__label"
                  >
                    Home
                  </em>
                </a>
              </div>
            </li>
            <li
              className="usa-nav__primary-item"
            />
            <li
              className="usa-nav__primary-item"
            >
              <div
                className="easi-nav"
              >
                <a
                  aria-current={null}
                  className="easi-nav__link"
                  href="/system/making-a-request"
                  onClick={[Function]}
                >
                  <em
                    aria-label="IT Governance"
                    className="usa-logo__text easi-nav__label"
                  >
                    IT Governance
                  </em>
                </a>
              </div>
            </li>
            <li
              className="usa-nav__primary-item"
            >
              <div
                className="easi-nav"
              >
                <a
                  aria-current={null}
                  className="easi-nav__link"
                  href="/508/making-a-request"
                  onClick={[Function]}
                >
                  <em
                    aria-label="Section 508"
                    className="usa-logo__text easi-nav__label"
                  >
                    Section 508
                  </em>
                </a>
              </div>
            </li>
            <li
              className="usa-nav__primary-item"
            />
          </ul>
        </nav>
      </div>
    </nav>
    <div
      className="grid-container easi-header--desktop "
    />
    <div
      className="usa-overlay"
    />
    <div
      className="usa-nav sidenav-mobile"
    >
      <div
        className="usa-nav__inner"
      >
        <nav
          aria-label="Navigation Bar"
          className="border-top-light"
          data-testid="navigation-bar"
        >
          <div
            className="grid-container"
          >
            <nav
              aria-label="Primary navigation"
              className="usa-nav is-visible"
            >
              <button
                className="usa-nav__close"
                data-testid="navCloseButton"
                onClick={[Function]}
                type="button"
              >
                <img
                  alt="close"
                  src="data:image/svg+xml;base64,PD94bWwgdmVyc2lvbj0iMS4wIiBlbmNvZGluZz0iVVRGLTgiPz48c3ZnIHhtbG5zPSJodHRwOi8vd3d3LnczLm9yZy8yMDAwL3N2ZyIgd2lkdGg9IjY0IiBoZWlnaHQ9IjY0IiB2aWV3Qm94PSIwIDAgNjQgNjQiPjx0aXRsZT5jbG9zZTwvdGl0bGU+PHBhdGggZmlsbD0iIzU2NUM2NSIgZmlsbC1ydWxlPSJldmVub2RkIiBkPSJNNTcuMDQyIDEuMTVsNS44MDkgNS44MDhhNCA0IDAgMCAxIDAgNS42NTdMNDMuNDY1IDMybDE5LjM4NiAxOS4zODVhNCA0IDAgMCAxIDAgNS42NTdsLTUuODA5IDUuODA5YTQgNCAwIDAgMS01LjY1NyAwTDMyIDQzLjQ2NSAxMi42MTUgNjIuODUxYTQgNCAwIDAgMS01LjY1NyAwbC01LjgwOS01LjgwOWE0IDQgMCAwIDEgMC01LjY1N0wyMC41MzUgMzIgMS4xNDkgMTIuNjE1YTQgNCAwIDAgMSAwLTUuNjU3bDUuODA5LTUuODA5YTQgNCAwIDAgMSA1LjY1NyAwTDMyIDIwLjUzNSA1MS4zODUgMS4xNDlhNCA0IDAgMCAxIDUuNjU3IDB6Ii8+PC9zdmc+"
                />
              </button>
              <ul
                className="usa-nav__primary usa-accordion"
              >
                <li
                  className="usa-nav__primary-item"
                >
                  <div
                    className="easi-nav"
                  >
                    <a
                      aria-current="page"
                      className="easi-nav__link usa-current"
                      href="/"
                      onClick={[Function]}
                      style={Object {}}
                    >
                      <em
                        aria-label="Home"
                        className="usa-logo__text easi-nav__label"
                      >
                        Home
                      </em>
                    </a>
                  </div>
                </li>
                <li
                  className="usa-nav__primary-item"
                />
                <li
                  className="usa-nav__primary-item"
                >
                  <div
                    className="easi-nav"
                  >
                    <a
                      aria-current={null}
                      className="easi-nav__link"
                      href="/system/making-a-request"
                      onClick={[Function]}
                    >
                      <em
                        aria-label="IT Governance"
                        className="usa-logo__text easi-nav__label"
                      >
                        IT Governance
                      </em>
                    </a>
                  </div>
                </li>
                <li
                  className="usa-nav__primary-item"
                >
                  <div
                    className="easi-nav"
                  >
                    <a
                      aria-current={null}
                      className="easi-nav__link"
                      href="/508/making-a-request"
                      onClick={[Function]}
                    >
                      <em
                        aria-label="Section 508"
                        className="usa-logo__text easi-nav__label"
                      >
                        Section 508
                      </em>
                    </a>
                  </div>
                </li>
                <li
                  className="usa-nav__primary-item"
                />
                <li
                  className="usa-nav__primary-item"
                >
                  <div
                    className="easi-nav__signout-container"
                  >
                    <div
                      className="easi-nav__user margin-bottom-1"
                    >
                      John Doe
                    </div>
                    <a
                      aria-current="page"
                      className="signout-link active"
                      href="/"
                      onClick={[Function]}
                      style={Object {}}
                    >
                      <em
                        aria-label="Sign Out"
                        className="usa-logo__text text-underline"
                      >
                        Sign Out
                      </em>
                    </a>
                  </div>
                </li>
              </ul>
            </nav>
          </div>
        </nav>
      </div>
    </div>
  </header>
  <main
    className="easi-main-content margin-bottom-5"
    id="main-content"
    role="main"
    tabIndex={-1}
  >
    <div
      className="grid-container"
    >
      <nav
        aria-label="Breadcrumbs"
        className="usa-breadcrumb usa-breadcrumb--wrap"
      >
        <ol
          className="usa-breadcrumb__list"
        >
          <li
            className="usa-breadcrumb__list-item"
          >
            <a
              className="usa-breadcrumb__link"
              href="/"
              onClick={[Function]}
            >
              <span>
                Home
              </span>
            </a>
          </li>
          <li
            className="usa-breadcrumb__list-item"
          >
            <a
              className="usa-breadcrumb__link"
              href="/governance-task-list/undefined"
              onClick={[Function]}
            >
              <span>
                Get governance approval
              </span>
            </a>
          </li>
          <li
            aria-current="page"
            className="usa-breadcrumb__list-item usa-current"
          >
            Prepare for Governance Review Team meeting
          </li>
        </ol>
      </nav>
      <div
        className="grid-row flex-justify"
      >
        <div
          className="grid-col-9"
        >
          <h1
            aria-live="polite"
            className="easi-h1"
            tabIndex={-1}
          >
            Prepare for Governance Review Team meeting
          </h1>
          <h2
            className="font-heading-xl margin-top-6"
          >
            What to expect
          </h2>
          <ul>
            <li
              className="line-height-sans-6"
            >
              Subject Matter Experts (SMEs) from various components will help you refine your business case. Their role is to ensure that the Project Team has considered potential alternatives that the Governance Review Board (GRB) may consider viable, including pros, cons, and estimated costs, as well as the technical feasibility and process requirements of implementation for each solution.
            </li>
            <li
              className="line-height-sans-6"
            >
              At that meeting, the GRT SMEs will discuss your draft business case and provide feedback both to you and the GRB about the alternative solutions you’re considering to meet your business need.
            </li>
          </ul>
        </div>
        <div
          className="grid-col-2"
        >
          <div
            className="sidebar margin-top-4"
          >
            <h3
              className="font-sans-sm"
            >
              Need help? Contact the Governance team
            </h3>
            <p>
              <a
                className="usa-link"
                href="mailto:IT_Governance@cms.hhs.gov"
              >
                IT_Governance@cms.hhs.gov
              </a>
            </p>
          </div>
        </div>
      </div>
    </div>
    <div
      className="distinct-content margin-top-4"
    >
      <div
        className="grid-container"
      >
        <div
          className="grid-row"
        >
          <div
            className="grid-col-10"
          >
            <h2
              className="font-heading-xl"
            >
              How to best prepare
            </h2>
            <p
              className="line-height-sans-6"
            >
              The Governance Review Team (GRT) SMEs may ask you a series of questions after you walk them through your business case. The best way to prepare for this conversation is to review and be able to respond to such questions as they pertain to your business case.
            </p>
            <div
              className="margin-top-3"
            >
              <div
                className="easi-collapsable-link"
              >
                <button
                  aria-controls="capital-planning-and-investment-control-cpic"
                  aria-expanded={false}
                  className="usa-button usa-button--unstyled"
                  data-testid="collapsable-link"
                  onClick={[Function]}
                  type="button"
                >
                  <span
                    className="fa easi-collapsable-link__square fa-caret-right"
                  />
                  Capital Planning and Investment Control (CPIC)
                </button>
              </div>
            </div>
            <div
              className="margin-top-3"
            >
              <div
                className="easi-collapsable-link"
              >
                <button
                  aria-controls="enterprise-architecture-and-data"
                  aria-expanded={false}
                  className="usa-button usa-button--unstyled"
                  data-testid="collapsable-link"
                  onClick={[Function]}
                  type="button"
                >
                  <span
                    className="fa easi-collapsable-link__square fa-caret-right"
                  />
                  Enterprise Architecture and Data
                </button>
              </div>
            </div>
            <div
              className="margin-top-3"
            >
              <div
                className="easi-collapsable-link"
              >
                <button
                  aria-controls="shared-services-and-data-hosting"
                  aria-expanded={false}
                  className="usa-button usa-button--unstyled"
                  data-testid="collapsable-link"
                  onClick={[Function]}
                  type="button"
                >
                  <span
                    className="fa easi-collapsable-link__square fa-caret-right"
                  />
                  Shared Services and Data Hosting
                </button>
              </div>
            </div>
            <div
              className="margin-top-3"
            >
              <div
                className="easi-collapsable-link"
              >
                <button
                  aria-controls="it-security-privacy"
                  aria-expanded={false}
                  className="usa-button usa-button--unstyled"
                  data-testid="collapsable-link"
                  onClick={[Function]}
                  type="button"
                >
                  <span
                    className="fa easi-collapsable-link__square fa-caret-right"
                  />
                  IT Security/Privacy
                </button>
              </div>
            </div>
            <h3
              className="font-heading-lg margin-top-6"
            >
              What to bring
            </h3>
            <ul
              className="line-height-sans-6"
            >
              <li>
                A copy of your business case
              </li>
              <li>
                Any contracting materials that you might have in place. For example, a statement of work, a performance work statement, etc.
              </li>
              <li>
                Additional materials that you’d like to talk through like a system concept diagram, etc.
              </li>
            </ul>
          </div>
        </div>
      </div>
    </div>
    <div
      className="grid-container"
    >
      <a
        className="text-ink"
        href="/governance-task-list/undefined"
        onClick={[Function]}
      >
        Back
      </a>
    </div>
  </main>
  <footer
    className="usa-footer usa-footer--slim"
  >
    <div
      className="usa-footer__primary-section"
    >
      <div
        className="usa-footer__primary-container grid-row"
      >
        <div
          className="mobile-lg:grid-col-8"
        >
          <nav
            className="usa-footer__nav"
          >
            <ul
              className="grid-row grid-gap"
            >
              <li
                className="desktop:grid-col-auto usa-footer__primary-content mobile-lg:grid-col-6"
              >
                <a
                  className="usa-footer__primary-link"
                  href="/privacy-policy"
                >
                  Privacy Policy
                </a>
              </li>
              <li
                className="desktop:grid-col-auto usa-footer__primary-content mobile-lg:grid-col-6"
              >
                <a
                  className="usa-footer__primary-link"
                  href="/cookies"
                >
                  Cookies
                </a>
              </li>
              <li
                className="desktop:grid-col-auto usa-footer__primary-content mobile-lg:grid-col-6"
              >
                <a
                  className="usa-footer__primary-link"
                  href="/terms-and-conditions"
                >
                  Terms and Conditions
                </a>
              </li>
              <li
                className="desktop:grid-col-auto usa-footer__primary-content mobile-lg:grid-col-6"
              >
                <a
                  className="usa-footer__primary-link"
                  href="/accessibility-statement"
                >
                  Accessibility Statement
                </a>
              </li>
            </ul>
          </nav>
        </div>
      </div>
    </div>
    <div
      className="usa-footer__secondary-section"
    >
      <div
        className="grid-container"
      >
        <div>
          <div
            className="easi-footer__secondary-logo-wrap"
          >
            <img
              alt="CMS.gov Logo"
              src="cmsGovLogo.png"
            />
            <img
              alt="Department of Health and Human Services USA"
              className="margin-left-1"
              src="hhsLogo.png"
            />
          </div>
          <span>
            A federal government website managed and paid for by the U.S. Centers for Medicare & Medicaid Services. 7500 Security Boulevard, Baltimore, MD 21244
          </span>
        </div>
      </div>
    </div>
  </footer>
</div>
`;
