// Vitest Snapshot v1, https://vitest.dev/guide/snapshot.html

exports[`TRB Admin Note > Renders correct note information 1`] = `
<DocumentFragment>
  <div
    class="grid-row margin-bottom-4"
    data-testid="grid"
  >
    <div
      class="desktop:grid-col-6"
      data-testid="grid"
    >
      <dt
        class="text-bold"
      >
        Date
      </dt>
      <dd
        class="margin-left-0 margin-bottom-2 line-height-body-5"
      >
        March 28, 2023
      </dd>
    </div>
    <div
      class="desktop:grid-col-6"
      data-testid="grid"
    >
      <dt
        class="text-bold"
      >
        Note author
      </dt>
      <dd
        class="margin-left-0 margin-bottom-2 line-height-body-5"
      >
        Jerry Seinfeld
      </dd>
    </div>
    <div
      class="desktop:grid-col-12 margin-top-1"
      data-testid="grid"
    >
      <div
        class="bg-base-lightest padding-x-4 padding-y-1 margin-bottom-3"
      >
        <p
          class="margin-bottom-0 text-bold"
        >
          What is this note about?
        </p>
        <p
          class="margin-top-0"
        >
          General note about this request
        </p>
        <p>
          My cute note
        </p>
      </div>
    </div>
  </div>
</DocumentFragment>
`;

exports[`TRB Admin Note Renders correct note information 1`] = `
<DocumentFragment>
  <div
    class="grid-row margin-bottom-4"
    data-testid="grid"
  >
    <div
      class="desktop:grid-col-6"
      data-testid="grid"
    >
      <dt
        class="text-bold"
      >
        Date
      </dt>
      <dd
        class="margin-left-0 margin-bottom-2 line-height-body-5"
      >
        March 28, 2023
      </dd>
    </div>
    <div
      class="desktop:grid-col-6"
      data-testid="grid"
    >
      <dt
        class="text-bold"
      >
        Note author
      </dt>
      <dd
        class="margin-left-0 margin-bottom-2 line-height-body-5"
      >
        Jerry Seinfeld
      </dd>
    </div>
    <div
      class="desktop:grid-col-12 margin-top-1"
      data-testid="grid"
    >
      <div
        class="bg-base-lightest padding-x-4 padding-y-1 margin-bottom-3"
      >
        <p
          class="margin-bottom-0 text-bold"
        >
          What is this note about?
        </p>
        <p
          class="margin-top-0"
        >
          General note about this request
        </p>
        <p>
          My cute note
        </p>
      </div>
    </div>
  </div>
</DocumentFragment>
`;
