// Vitest Snapshot v1, https://vitest.dev/guide/snapshot.html

exports[`Funding and Budget subpage for System Profile > matches snapshot 1`] = `
<DocumentFragment>
  <div
    class="easi-section padding-bottom-4"
    data-testid="section-wrapper"
  >
    <h2
      class="margin-top-0 margin-bottom-4"
    >
      Funding and Budget
    </h2>
    <div
      class="grid-row margin-top-3"
      data-testid="grid"
    >
      <div
        class="tablet:grid-col-6 margin-bottom-5"
        data-testid="grid"
      >
        <dt
          class="text-bold margin-bottom-05"
        >
          Actual FY system cost
        </dt>
        <dd
          class="description-definition margin-0 font-body-md line-height-body-3"
        >
          $4,500,000
        </dd>
      </div>
      <div
        class="tablet:grid-col-6 margin-bottom-5"
        data-testid="grid"
      >
        <dt
          class="text-bold margin-bottom-05"
        >
          Budgeted FY system cost
        </dt>
        <dd
          class="description-definition margin-0 line-height-body-3 font-body-md"
        >
          $4,500,000
        </dd>
      </div>
      <div
        class="tablet:grid-col-6 margin-bottom-5"
        data-testid="grid"
      >
        <dt
          class="text-bold margin-bottom-05"
        >
          Investment number
        </dt>
        <dd
          class="description-definition margin-0 line-height-body-3"
        >
          9333
        </dd>
      </div>
      <div
        class="tablet:grid-col-6 margin-bottom-5"
        data-testid="grid"
      >
        <dt
          class="text-bold margin-bottom-05"
        >
          Requisition number
        </dt>
        <dd
          class="description-definition margin-0 line-height-body-3"
        >
          OIT-393-2019-0686
        </dd>
      </div>
    </div>
    <h3
      class="margin-top-0 margin-bottom-1"
    >
      Funding Sources
    </h3>
    <span
      class="easi-tag system-profile__tag text-base-darker bg-base-lighter margin-bottom-1"
      data-testid="tag"
    >
      Fed Admin
    </span>
  </div>
  <div
    class="easi-section margin-bottom-4 padding-bottom-4"
    data-testid="section-wrapper"
  >
    <ul
      class="usa-card-group margin-0"
      data-testid="CardGroup"
    >
      <li
        class="usa-card grid-col-12"
        data-testid="system-card"
      >
        <div
          class="usa-card__container"
        >
          <header
            class="usa-card__header padding-2 padding-bottom-0 text-top"
            data-testid="CardHeader"
          >
            <dt>
              Budget ID: 1234567
            </dt>
            <h3
              class="margin-top-0 margin-bottom-1"
            >
              HAM Project funding
            </h3>
            <div
              class="easi-divider"
            />
          </header>
          <div
            class="usa-card__footer padding-2"
            data-testid="CardFooter"
          >
            <dt>
              Most of this funding is directly and only for this system (80%)
            </dt>
          </div>
        </div>
      </li>
    </ul>
  </div>
</DocumentFragment>
`;
