// Jest Snapshot v1, https://goo.gl/fbAQLP

exports[`CedarContactSelect matches the snapshot 1`] = `
<DocumentFragment>
  <div
    class="system-intake-contacts margin-top-4"
  >
    <div
      class="systemIntakeContactForm"
    >
      <h4
        class="margin-bottom-2"
      >
        Add another recipient
      </h4>
      <div
        class="usa-form-group margin-top-2"
      >
        <label
          class="usa-label text-normal"
          data-testid="label"
          for="systemIntakeContact.commonName"
        >
          New recipient name
        </label>
        <div
          aria-describedby="IntakeForm-BusinessOwnerHelp"
          data-reach-combobox=""
          data-state="idle"
          id="IntakeForm-ContactCommonName"
        >
          <input
            aria-autocomplete="both"
            aria-controls="listbox--IntakeForm-ContactCommonName"
            aria-expanded="false"
            aria-haspopup="listbox"
            aria-label="Cedar-Users"
            class="usa-select"
            data-reach-combobox-input=""
            data-state="idle"
            name="systemIntakeContact.commonName"
            role="combobox"
            value="Jane Doe, ABCD"
          />
        </div>
      </div>
      <div
        class="usa-form-group margin-top-2"
      >
        <label
          class="usa-label text-normal"
          data-testid="label"
          for="systemIntakeContact.component"
        >
          New recipient role
        </label>
        <select
          class="usa-select"
          data-testid="dropdown"
          id="IntakeForm-ContactComponent"
          name="systemIntakeContact.component"
        >
          <option
            disabled=""
            value=""
          >
            Select an option
          </option>
          <option
            value="Center for Clinical Standards and Quality"
          >
            Center for Clinical Standards and Quality (CCSQ)
          </option>
          <option
            value="Center for Consumer Information and Insurance Oversight"
          >
            Center for Consumer Information and Insurance Oversight (CCIIO)
          </option>
          <option
            value="Center for Medicare"
          >
            Center for Medicare (CM)
          </option>
          <option
            value="Center for Medicaid and CHIP Services"
          >
            Center for Medicaid and CHIP Services (CMCS)
          </option>
          <option
            value="Center for Medicare and Medicaid Innovation"
          >
            Center for Medicare and Medicaid Innovation (CMMI)
          </option>
          <option
            value="Center for Program Integrity"
          >
            Center for Program Integrity (CPI)
          </option>
          <option
            value="CMS Wide"
          >
            CMS Wide (CMS)
          </option>
          <option
            value="Emergency Preparedness and Response Operations"
          >
            Emergency Preparedness and Response Operations (EPRO)
          </option>
          <option
            value="Federal Coordinated Health Care Office"
          >
            Federal Coordinated Health Care Office (FCHCO)
          </option>
          <option
            value="Office of Acquisition and Grants Management"
          >
            Office of Acquisition and Grants Management (OAGM)
          </option>
          <option
            value="Office of Burden Reduction and Health Informatics"
          >
            Office of Burden Reduction and Health Informatics (OBRHI)
          </option>
          <option
            value="Office of Communications"
          >
            Office of Communications (OC)
          </option>
          <option
            value="Office of Enterprise Data and Analytics"
          >
            Office of Enterprise Data and Analytics (OEDA)
          </option>
          <option
            value="Office of Equal Opportunity and Civil Rights"
          >
            Office of Equal Opportunity and Civil Rights (OEOCR)
          </option>
          <option
            value="Office of Financial Management"
          >
            Office of Financial Management (OFM)
          </option>
          <option
            value="Office of Human Capital"
          >
            Office of Human Capital (OHC)
          </option>
          <option
            value="Office of Information Technology"
          >
            Office of Information Technology (OIT)
          </option>
          <option
            value="Office of Legislation"
          >
            Office of Legislation (OL)
          </option>
          <option
            value="Office of Minority Health"
          >
            Office of Minority Health (OMH)
          </option>
          <option
            value="Office of Program Operations and Local Engagement"
          >
            Office of Program Operations and Local Engagement (OPOLE)
          </option>
          <option
            value="Office of Security, Facilities, and Logistics Operations"
          >
            Office of Security, Facilities, and Logistics Operations (OSFLO)
          </option>
          <option
            value="Office of Strategic Operations and Regulatory Affairs"
          >
            Office of Strategic Operations and Regulatory Affairs (OSORA)
          </option>
          <option
            value="Office of Strategy, Performance, and Results"
          >
            Office of Strategy, Performance, and Results (OSPR)
          </option>
          <option
            value="Office of the Actuary"
          >
            Office of the Actuary (OA)
          </option>
          <option
            value="Offices of Hearings and Inquiries"
          >
            Offices of Hearings and Inquiries (OHI)
          </option>
          <option
            value="Other"
          >
            Other
          </option>
        </select>
      </div>
      <div
        class="usa-form-group margin-top-2"
      >
        <label
          class="usa-label text-normal"
          data-testid="label"
          for="systemIntakeContact.role"
        >
          New recipient role
        </label>
        <select
          class="usa-select"
          data-testid="dropdown"
          id="IntakeForm-ContactRole"
          name="systemIntakeContact.role"
        >
          <option
            disabled=""
            value=""
          >
            Select an option
          </option>
          <option
            value="Product Owner"
          >
            Product Owner
          </option>
          <option
            value="System Owner"
          >
            System Owner
          </option>
          <option
            value="System Maintainer"
          >
            System Maintainer
          </option>
          <option
            value="Contracting Officer's Representative (COR)"
          >
            Contracting Officer's Representative (COR)
          </option>
          <option
            value="Cloud Navigator"
          >
            Cloud Navigator
          </option>
          <option
            value="Privacy Advisor"
          >
            Privacy Advisor
          </option>
          <option
            value="CRA"
          >
            CRA
          </option>
          <option
            value="Other"
          >
            Other
          </option>
          <option
            value="Unknown"
          >
            Unknown
          </option>
        </select>
      </div>
      <div
        class="margin-top-2"
      >
        <button
          class="usa-button usa-button--outline"
          data-testid="button"
          type="button"
        >
          cancel
        </button>
        <button
          class="usa-button"
          data-testid="button"
          type="button"
        >
          Add recipient
        </button>
      </div>
    </div>
  </div>
</DocumentFragment>
`;
