// Jest Snapshot v1, https://goo.gl/fbAQLP

exports[`CedarContactSelect matches the snapshot 1`] = `
<DocumentFragment>
  <div
    class="system-intake-contacts"
  >
    <h4>
      Additional contacts
    </h4>
    <div
      class="system-intake-contacts__contacts-list"
    />
    <button
      class="usa-button usa-button--outline"
      data-testid="button"
      type="button"
    >
      Add another contact
    </button>
  </div>
</DocumentFragment>
`;
