// Vitest Snapshot v1, https://vitest.dev/guide/snapshot.html

exports[`ATO subpage for System Profile > matches snapshot 1`] = `
<DocumentFragment>
  <div
    class="easi-section easi-section__border-bottom margin-bottom-4 padding-bottom-4"
    data-testid="section-wrapper"
  >
    <h2
      class="margin-top-0 margin-bottom-4"
    >
      Authority to Operate (ATO)
    </h2>
    <ul
      class="usa-card-group margin-0"
      data-testid="CardGroup"
    >
      <li
        class="usa-card grid-col-12 bg-error-dark"
        data-testid="Card"
      >
        <div
          class="usa-card__container"
        >
          <header
            class="usa-card__header padding-2 padding-bottom-0 text-top text-white"
            data-testid="CardHeader"
          >
            <dt
              class="text-bold margin-bottom-05"
            >
              Status
            </dt>
            <dd
              class="description-definition margin-0 line-height-body-3 font-body-lg text-bold margin-bottom-2"
            >
              Expired
            </dd>
            <div
              class="easi-divider grid-col-12 border-error-darker"
            />
          </header>
          <div
            class="usa-card__footer padding-2 text-white"
            data-testid="CardFooter"
          >
            <dt
              class="text-bold margin-bottom-05"
            >
              Expiration Date
            </dt>
            <dd
              class="description-definition margin-0 line-height-body-3 font-body-md"
            >
              July 30, 2022
            </dd>
          </div>
        </div>
      </li>
    </ul>
  </div>
  <div
    class="easi-section easi-section__border-bottom margin-bottom-4"
    data-testid="section-wrapper"
  >
    <h2
      class="margin-top-0"
    >
      Plan of Action and Milestones (POAMs)
    </h2>
    <div>
      <div
        class="grid-row grid-gap margin-top-2"
        data-testid="grid"
      >
        <div
          class="tablet:grid-col-6 padding-right-2"
          data-testid="grid"
        >
          <dt
            class="text-bold margin-bottom-05"
          >
            Total POAMs
          </dt>
          <dd
            class="description-definition margin-0 line-height-body-3 margin-bottom-4"
          >
            7
          </dd>
        </div>
      </div>
    </div>
  </div>
  <div
    class="easi-section easi-section__border-bottom margin-bottom-4"
    data-testid="section-wrapper"
  >
    <h2
      class="margin-top-0"
    >
      Security Findings
    </h2>
    <div
      class="grid-row grid-gap margin-top-2 margin-bottom-2"
      data-testid="grid"
    >
      <div
        class="padding-right-2 grid-col-6"
        data-testid="grid"
      >
        <dt
          class="text-bold margin-bottom-05"
        >
          Total findings
        </dt>
        <dd
          class="description-definition margin-0 line-height-body-3 margin-bottom-4"
        >
          66
        </dd>
      </div>
      <div
        class="padding-right-2 grid-col-6"
        data-testid="grid"
      >
        <dt
          class="text-bold margin-bottom-05"
        >
          High findings
        </dt>
        <dd
          class="description-definition margin-0 line-height-body-3 margin-bottom-4"
        >
          18
        </dd>
      </div>
      <div
        class="padding-right-2 grid-col-6"
        data-testid="grid"
      >
        <dt
          class="text-bold margin-bottom-05"
        >
          Medium findings
        </dt>
        <dd
          class="description-definition margin-0 line-height-body-3 margin-bottom-4"
        >
          27
        </dd>
      </div>
      <div
        class="padding-right-2 grid-col-6"
        data-testid="grid"
      >
        <dt
          class="text-bold margin-bottom-05"
        >
          Low findings
        </dt>
        <dd
          class="description-definition margin-0 line-height-body-3 margin-bottom-4"
        >
          21
        </dd>
      </div>
    </div>
  </div>
  <div
    class="easi-section margin-bottom-4 padding-bottom-6"
    data-testid="section-wrapper"
  >
    <h2
      class="margin-top-0 margin-bottom-2"
    >
      Dates and Tests
    </h2>
    <div>
      <div
        class="grid-row grid-gap"
        data-testid="grid"
      >
        <div
          class="tablet:grid-col-6"
          data-testid="grid"
        >
          <dt
            class="text-bold margin-bottom-05"
          >
            Last assessment
          </dt>
          <dd
            class="description-definition margin-0 line-height-body-3 margin-bottom-4"
          >
            November 15, 2021
          </dd>
        </div>
      </div>
    </div>
  </div>
</DocumentFragment>
`;
