// Vitest Snapshot v1, https://vitest.dev/guide/snapshot.html

exports[`System Sub-systems subpage > matches snapshot 1`] = `
<DocumentFragment>
  <h2
    class="margin-top-0 margin-bottom-4"
  >
    Sub-systems
  </h2>
  <ul
    class="usa-card-group margin-0"
    data-testid="CardGroup"
  >
    <li
      class="usa-card grid-col-12 margin-bottom-2"
      data-testid="Card"
    >
      <div
        class="usa-card__container"
      >
        <header
          class="usa-card__header padding-2 padding-bottom-0"
          data-testid="CardHeader"
        >
          <div
            class="display-flex margin-bottom-105"
          >
            <div
              class="flex-fill"
            >
              <h3
                class="margin-y-0 line-height-body-2"
              >
                Centers for Management Services
              </h3>
            </div>
          </div>
          <div
            class="margin-top-0 margin-bottom-2 font-sans-xs line-height-body-1"
          >
            CMS
          </div>
        </header>
        <div
          class="usa-card__body padding-2"
          data-testid="CardBody"
        >
          <div>
            Lorem ipsum dolor sit amet, officia excepteur ex fugiat reprehenderit enim labore culpa sint ad nisi Lorem pariatur mollit ex esse exercitation amet. Nisi anim cupidatat excepteur officia. Reprehenderit nostrud nostrud ipsum Lorem est aliquip amet voluptate voluptate dolor minim nulla est proident. Nostrud officia pariatur ut officia. Sit irure elit esse ea nulla sunt ex occaecat reprehenderit commodo officia dolor Lorem duis laboris cupidatat officia voluptate. Culpa proident adipisicing id nulla nisi laboris ex in Lorem sunt duis officia eiusmod. Aliqua reprehenderit commodo ex non excepteur duis sunt velit enim. Voluptate laboris sint cupidatat ullamco ut ea consectetur et est culpa et culpa duis.
          </div>
          <div
            class="easi-divider margin-y-2"
          />
          <dt
            class="text-bold margin-bottom-05 margin-bottom-05 line-height-body-1 text-normal"
          >
            Retirement date
          </dt>
          <dd
            class="description-definition margin-0 font-body-md line-height-body-4"
          >
            <span
              class="text-italic text-base"
            >
              No data available
            </span>
          </dd>
        </div>
      </div>
    </li>
    <li
      class="usa-card grid-col-12 margin-bottom-2"
      data-testid="Card"
    >
      <div
        class="usa-card__container"
      >
        <header
          class="usa-card__header padding-2 padding-bottom-0"
          data-testid="CardHeader"
        >
          <div
            class="display-flex margin-bottom-105"
          >
            <div
              class="flex-fill"
            >
              <h3
                class="margin-y-0 line-height-body-2"
              >
                Office of Funny Walks
              </h3>
            </div>
          </div>
          <div
            class="margin-top-0 margin-bottom-2 font-sans-xs line-height-body-1"
          >
            OFW
          </div>
        </header>
        <div
          class="usa-card__body padding-2"
          data-testid="CardBody"
        >
          <div>
            Lorem ipsum dolor sit amet, officia excepteur ex fugiat reprehenderit enim labore culpa sint ad nisi Lorem pariatur mollit ex esse exercitation amet. Nisi anim cupidatat excepteur officia. Reprehenderit nostrud nostrud ipsum Lorem est aliquip amet voluptate voluptate dolor minim nulla est proident. Nostrud officia pariatur ut officia. Sit irure elit esse ea nulla sunt ex occaecat reprehenderit commodo officia dolor Lorem duis laboris cupidatat officia voluptate. Culpa proident adipisicing id nulla nisi laboris ex in Lorem sunt duis officia eiusmod. Aliqua reprehenderit commodo ex non excepteur duis sunt velit enim. Voluptate laboris sint cupidatat ullamco ut ea consectetur et est culpa et culpa duis.
          </div>
          <div
            class="easi-divider margin-y-2"
          />
          <dt
            class="text-bold margin-bottom-05 margin-bottom-05 line-height-body-1 text-normal"
          >
            Retirement date
          </dt>
          <dd
            class="description-definition margin-0 font-body-md line-height-body-4"
          >
            <span
              class="text-italic text-base"
            >
              No data available
            </span>
          </dd>
        </div>
      </div>
    </li>
  </ul>
</DocumentFragment>
`;
