// Jest Snapshot v1, https://goo.gl/fbAQLP

exports[`System List View when there are requests matches snapshot 1`] = `
<DocumentFragment>
  <main
    class="easi-main-content grid-container margin-bottom-5"
    id="main-content"
    role="main"
    tabindex="-1"
  >
    <div
      class="easi-section easi-section__border-bottom"
      data-testid="section-wrapper"
    >
      <h1
        aria-live="polite"
        class="easi-h1 margin-bottom-1"
        tabindex="-1"
      >
        CMS Systems and Applications
      </h1>
      <p>
        Find information about existing CMS systems and applications.
      </p>
      <div
        class="usa-summary-box easi-request__container"
        data-testid="summary-box"
      >
        <div
          class="usa-summary-box__body"
        >
          <h3
            class="usa-summary-box__heading"
          />
          <div
            class="usa-summary-box__text"
          >
            <p>
              Have a new system or application?
            </p>
            <a
              class="usa-link easi-request__button-link"
              href="/system/request-type"
            >
              Start an intake request
            </a>
          </div>
        </div>
      </div>
    </div>
    <h1
      aria-live="polite"
      class="easi-h1 margin-bottom-0"
      tabindex="-1"
    >
      Bookmarked Systems
    </h1>
    <p
      class="margin-bottom-3"
    >
      Bookmark systems that you want to access more quickly.
    </p>
    <div
      class="easi-section easi-section__border-bottom margin-bottom-3"
      data-testid="section-wrapper"
    >
      <ul
        class="usa-card-group margin-bottom-3"
        data-testid="CardGroup"
      />
    </div>
    <h1
      aria-live="polite"
      class="easi-h1 margin-bottom-0"
      tabindex="-1"
    >
      All Systems
    </h1>
    <p
      class="margin-bottom-5"
    >
      Bookmark systems that you want to access more quickly.
    </p>
    <form
      class="usa-form usa-search margin-bottom-4"
      data-testid="table-client-filter"
      role="search"
    >
      <label
        class="usa-sr-only"
        data-testid="label"
        for="system-list-search"
      >
        Search Table
      </label>
      <input
        class="usa-input"
        data-testid="textInput"
        id="system-list-search"
        name="All Systems Search"
        role="searchbox"
        type="search"
      />
      <button
        class="usa-button no-pointer"
        data-testid="button"
        type="submit"
      >
         
        <span
          class="usa-search__submit-text fa fa-search"
        />
      </button>
    </form>
    <div
      class="margin-bottom-4"
      data-testid="page-results"
    >
      <span>
        <div>
          Showing 1-4 of 4 results 
        </div>
      </span>
    </div>
    <div
      class="usa-table-container--scrollable"
      data-testid="scrollable-table-container"
    >
      <table
        class="usa-table usa-table--borderless src-components-Table-Table-module__fullwidth--3-K3t"
        data-testid="table"
      >
        <caption
          class="usa-sr-only"
        >
          systemTable.caption
        </caption>
        <thead>
          <tr
            role="row"
          >
            <th
              aria-sort="none"
              colspan="1"
              role="columnheader"
              scope="col"
              style="min-width: 50px; padding: 0px 0px 0px .5em;"
              title="Toggle SortBy"
            >
              <button
                class="usa-button usa-button--unstyled"
                style="cursor: pointer;"
                title="Toggle SortBy"
                type="button"
              >
                <i
                  aria-hidden="true"
                  class="fa fa-bookmark bookmark__icon fa-1x"
                  data-testid="bookmark-icon"
                />
                <span
                  class="margin-left-1 fa fa-sort caret position-absolute"
                />
              </button>
            </th>
            <th
              aria-sort="none"
              colspan="1"
              role="columnheader"
              scope="col"
              style="min-width: 150px;"
              title="Toggle SortBy"
            >
              <button
                class="usa-button usa-button--unstyled"
                style="cursor: pointer;"
                title="Toggle SortBy"
                type="button"
              >
                Acronym
                <span
                  class="margin-left-1 fa fa-sort caret position-absolute"
                />
              </button>
            </th>
            <th
              aria-sort="ascending"
              colspan="1"
              role="columnheader"
              scope="col"
              style="min-width: 150px;"
              title="Toggle SortBy"
            >
              <button
                class="usa-button usa-button--unstyled"
                style="cursor: pointer;"
                title="Toggle SortBy"
                type="button"
              >
                System Name
                <span
                  class="margin-left-1 fa fa-caret-up position-absolute"
                />
              </button>
            </th>
            <th
              aria-sort="none"
              colspan="1"
              role="columnheader"
              scope="col"
              style="min-width: 150px;"
              title="Toggle SortBy"
            >
              <button
                class="usa-button usa-button--unstyled"
                style="cursor: pointer;"
                title="Toggle SortBy"
                type="button"
              >
                CMS Component
                <span
                  class="margin-left-1 fa fa-sort caret position-absolute"
                />
              </button>
            </th>
            <th
              aria-sort="none"
              colspan="1"
              role="columnheader"
              scope="col"
              style="min-width: 150px;"
              title="Toggle SortBy"
            >
              <button
                class="usa-button usa-button--unstyled"
                style="cursor: pointer;"
                title="Toggle SortBy"
                type="button"
              >
                ATO Status
                <span
                  class="margin-left-1 fa fa-sort caret position-absolute"
                />
              </button>
            </th>
          </tr>
        </thead>
        <tbody
          role="rowgroup"
        >
          <tr
            role="row"
          >
            <th
              role="cell"
              style="padding-left: .5em;"
            >
              <i
                aria-hidden="true"
                class="fa fa-bookmark bookmark__icon fa-1x lightgrey"
                data-testid="bookmark-icon"
              />
            </th>
            <th
              role="cell"
            >
              ZXC
            </th>
            <th
              role="cell"
            >
              <a
                class="usa-link"
                href="/system-profile/3/home/top"
              >
                Government
              </a>
            </th>
            <th
              role="cell"
            >
              <p>
                CMMI
              </p>
            </th>
            <th
              role="cell"
            >
              <div>
                <i
                  class="fa system-health-icon-warning fa-exclamation-circle margin-right-1"
                  data-testid="system-health-icon"
                />
                <span>
                  Draft
                </span>
              </div>
            </th>
          </tr>
          <tr
            role="row"
          >
            <th
              role="cell"
              style="padding-left: .5em;"
            >
              <i
                aria-hidden="true"
                class="fa fa-bookmark bookmark__icon fa-1x lightgrey"
                data-testid="bookmark-icon"
              />
            </th>
            <th
              role="cell"
            >
              HAM
            </th>
            <th
              role="cell"
            >
              <a
                class="usa-link"
                href="/system-profile/1/home/top"
              >
                Happiness Achievement Module
              </a>
            </th>
            <th
              role="cell"
            >
              <p>
                CMMI
              </p>
            </th>
            <th
              role="cell"
            >
              <div>
                <i
                  class="fa system-health-icon-success fa-check-circle margin-right-1"
                  data-testid="system-health-icon"
                />
                <span>
                  Approved
                </span>
              </div>
            </th>
          </tr>
          <tr
            role="row"
          >
            <th
              role="cell"
              style="padding-left: .5em;"
            >
              <i
                aria-hidden="true"
                class="fa fa-bookmark bookmark__icon fa-1x lightgrey"
                data-testid="bookmark-icon"
              />
            </th>
            <th
              role="cell"
            >
              BBC
            </th>
            <th
              role="cell"
            >
              <a
                class="usa-link"
                href="/system-profile/326-9-0/home/top"
              >
                Medicare Beneficiary Contact Center
              </a>
            </th>
            <th
              role="cell"
            >
              <p>
                Division of Call Center Systems
              </p>
            </th>
            <th
              role="cell"
            >
              <div>
                <i
                  class="fa system-health-icon-success fa-check-circle margin-right-1"
                  data-testid="system-health-icon"
                />
                <span>
                  Approved
                </span>
              </div>
            </th>
          </tr>
          <tr
            role="row"
          >
            <th
              role="cell"
              style="padding-left: .5em;"
            >
              <i
                aria-hidden="true"
                class="fa fa-bookmark bookmark__icon fa-1x lightgrey"
                data-testid="bookmark-icon"
              />
            </th>
            <th
              role="cell"
            >
              ASD
            </th>
            <th
              role="cell"
            >
              <a
                class="usa-link"
                href="/system-profile/326-1-0/home/top"
              >
                Systems
              </a>
            </th>
            <th
              role="cell"
            >
              <p>
                CMMI
              </p>
            </th>
            <th
              role="cell"
            >
              <div>
                <i
                  class="fa system-health-icon-fail fa-times-circle margin-right-1"
                  data-testid="system-health-icon"
                />
                <span />
              </div>
            </th>
          </tr>
        </tbody>
      </table>
    </div>
    <nav
      aria-label="Pagination"
      class="usa-pagination padding-bottom-1"
      data-testid="table-pagination"
    >
      <ul
        class="usa-pagination__list"
      >
        <li
          class="usa-pagination__item usa-pagination__page-no"
        >
          <div>
            <div
              class="usa-pagination__item"
            >
              <button
                aria-label="Page 1"
                class="usa-pagination__button usa-current"
                type="button"
              >
                1
              </button>
            </div>
          </div>
        </li>
      </ul>
    </nav>
  </main>
</DocumentFragment>
`;
