// Jest Snapshot v1, https://goo.gl/fbAQLP

exports[`The making a request page matches snapshot 1`] = `
<DocumentFragment>
  <div
    class="easi-page-wrapper"
  >
    <header
      class="usa-header easi-header"
      role="banner"
    >
      <section
        aria-label="Official government website"
        class="usa-banner"
      >
        <div
          class="usa-accordion"
        >
          <header
            class="usa-banner__header"
          >
            <div
              class="usa-banner__inner"
            >
              <div
                class="grid-col-auto"
              >
                <img
                  alt="U.S. flag"
                  class="usa-banner__header-flag"
                  src="us_flag_small.png"
                />
              </div>
              <div
                class="grid-col-fill tablet:grid-col-auto"
              >
                <p
                  class="usa-banner__header-text"
                >
                  An official website of the United States government
                </p>
                <p
                  aria-hidden="true"
                  class="usa-banner__header-action"
                >
                  Here’s how you know
                </p>
              </div>
              <button
                aria-controls="gov-banner"
                aria-expanded="false"
                class="usa-accordion__button usa-banner__button"
                type="button"
              >
                <span
                  class="usa-banner__button-text"
                >
                  Here’s how you know
                </span>
              </button>
            </div>
          </header>
          <div
            class="usa-banner__content usa-accordion__content"
            hidden=""
            id="gov-banner"
          >
            <div
              class="grid-row grid-gap-lg"
            >
              <div
                class="usa-banner__guidance tablet:grid-col-6"
              >
                <img
                  alt="Dot gov"
                  class="usa-banner__icon usa-media-block__img"
                  src="icon-dot-gov.svg"
                />
                <div
                  class="usa-media-block__body"
                >
                  <p>
                    <strong>
                      Official websites use .gov
                    </strong>
                    <br />
                    A 
                    <strong>
                      .gov
                    </strong>
                     website belongs to an official government organization in the United States.
                  </p>
                </div>
              </div>
              <div
                class="usa-banner__guidance tablet:grid-col-6"
              >
                <img
                  alt="Https"
                  class="usa-banner__icon usa-media-block__img"
                  src="icon-https.svg"
                />
                <div
                  class="usa-media-block__body"
                >
                  <p>
                    <strong>
                      Secure .gov websites use HTTPS
                    </strong>
                    <br />
                    A 
                    <strong>
                      lock
                    </strong>
                     (
                    <span
                      class="icon-lock"
                    >
                      <svg
                        aria-labelledby="banner-lock-title banner-lock-description"
                        class="usa-banner__lock-image"
                        height="64"
                        role="img"
                        viewBox="0 0 52 64"
                        width="52"
                        xmlns="http://www.w3.org/2000/svg"
                      >
                        <title
                          id="banner-lock-title"
                        >
                          Lock
                        </title>
                        <desc
                          id="banner-lock-description"
                        >
                          A locked padlock
                        </desc>
                        <path
                          d="M26 0c10.493 0 19 8.507 19 19v9h3a4 4 0 0 1 4 4v28a4 4 0 0 1-4 4H4a4 4 0 0 1-4-4V32a4 4 0 0 1 4-4h3v-9C7 8.507 15.507 0 26 0zm0 8c-5.979 0-10.843 4.77-10.996 10.712L15 19v9h22v-9c0-6.075-4.925-11-11-11z"
                          fill="#000000"
                          fill-rule="evenodd"
                        />
                      </svg>
                    </span>
                    ) or 
                    <strong>
                      https://
                    </strong>
                     means you’ve safely connected to the .gov website. Share sensitive information only on official, secure websites.
                  </p>
                </div>
              </div>
            </div>
          </div>
        </div>
      </section>
      <div
        class="grid-container easi-header__basic"
      >
        <div
          class="usa-logo site-logo"
          id="logo"
        >
          <a
            href="/"
          >
            <em
              aria-label="EASi home"
              class="usa-logo__text"
            >
              EASi
            </em>
          </a>
        </div>
        <div>
          <div
            class="navbar--container easi-nav__user"
          >
            <div
              class="easi-header__user"
            />
            <div>
                |  
            </div>
            <button
              aria-controls="sign-out"
              aria-expanded="false"
              class="usa-button usa-button--unstyled"
              data-testid="signout-link"
              type="button"
            >
              Sign Out
            </button>
          </div>
          <button
            class="usa-menu-btn"
            type="button"
          >
            <span
              class="fa fa-bars"
            />
          </button>
        </div>
      </div>
      <nav
        aria-label="Navigation Bar"
        class="border-top-light"
        data-testid="navigation-bar"
      >
        <div
          class="grid-container"
        >
          <nav
            aria-label="Primary navigation"
            class="usa-nav"
          >
            <button
              class="usa-nav__close"
              data-testid="navCloseButton"
              type="button"
            >
              <img
                alt="close"
                src="data:image/svg+xml;base64,PD94bWwgdmVyc2lvbj0iMS4wIiBlbmNvZGluZz0iVVRGLTgiPz48c3ZnIHhtbG5zPSJodHRwOi8vd3d3LnczLm9yZy8yMDAwL3N2ZyIgd2lkdGg9IjY0IiBoZWlnaHQ9IjY0IiB2aWV3Qm94PSIwIDAgNjQgNjQiPjx0aXRsZT5jbG9zZTwvdGl0bGU+PHBhdGggZmlsbD0iIzU2NUM2NSIgZmlsbC1ydWxlPSJldmVub2RkIiBkPSJNNTcuMDQyIDEuMTVsNS44MDkgNS44MDhhNCA0IDAgMCAxIDAgNS42NTdMNDMuNDY1IDMybDE5LjM4NiAxOS4zODVhNCA0IDAgMCAxIDAgNS42NTdsLTUuODA5IDUuODA5YTQgNCAwIDAgMS01LjY1NyAwTDMyIDQzLjQ2NSAxMi42MTUgNjIuODUxYTQgNCAwIDAgMS01LjY1NyAwbC01LjgwOS01LjgwOWE0IDQgMCAwIDEgMC01LjY1N0wyMC41MzUgMzIgMS4xNDkgMTIuNjE1YTQgNCAwIDAgMSAwLTUuNjU3bDUuODA5LTUuODA5YTQgNCAwIDAgMSA1LjY1NyAwTDMyIDIwLjUzNSA1MS4zODUgMS4xNDlhNCA0IDAgMCAxIDUuNjU3IDB6Ii8+PC9zdmc+"
              />
            </button>
            <ul
              class="usa-nav__primary usa-accordion"
            >
              <li
                class="usa-nav__primary-item"
              >
                <div
                  class="easi-nav"
                >
                  <a
                    class="easi-nav__link"
                    href="/"
                  >
                    <em
                      aria-label="Home"
                      class="usa-logo__text easi-nav__label"
                    >
                      Home
                    </em>
                  </a>
                </div>
              </li>
              <li
                class="usa-nav__primary-item"
              />
              <li
                class="usa-nav__primary-item"
              >
                <div
                  class="easi-nav"
                >
                  <a
                    class="easi-nav__link"
                    href="/system/making-a-request"
                  >
                    <em
                      aria-label="IT Governance"
                      class="usa-logo__text easi-nav__label"
                    >
                      IT Governance
                    </em>
                  </a>
                </div>
              </li>
              <li
                class="usa-nav__primary-item"
              >
                <div
                  class="easi-nav"
                >
                  <a
                    class="easi-nav__link"
                    href="/508/making-a-request"
                  >
                    <em
                      aria-label="Section 508"
                      class="usa-logo__text easi-nav__label"
                    >
                      Section 508
                    </em>
                  </a>
                </div>
              </li>
              <li
                class="usa-nav__primary-item"
              />
              <li
                class="usa-nav__primary-item"
              />
            </ul>
          </nav>
        </div>
      </nav>
      <div
        class="grid-container easi-header--desktop "
      />
      <div
        class="usa-overlay"
      />
      <div
        class="usa-nav sidenav-mobile"
      >
        <div
          class="usa-nav__inner"
        >
          <nav
            aria-label="Navigation Bar"
            class="border-top-light"
            data-testid="navigation-bar"
          >
            <div
              class="grid-container"
            >
              <nav
                aria-label="Primary navigation"
                class="usa-nav is-visible"
              >
                <button
                  class="usa-nav__close"
                  data-testid="navCloseButton"
                  type="button"
                >
                  <img
                    alt="close"
                    src="data:image/svg+xml;base64,PD94bWwgdmVyc2lvbj0iMS4wIiBlbmNvZGluZz0iVVRGLTgiPz48c3ZnIHhtbG5zPSJodHRwOi8vd3d3LnczLm9yZy8yMDAwL3N2ZyIgd2lkdGg9IjY0IiBoZWlnaHQ9IjY0IiB2aWV3Qm94PSIwIDAgNjQgNjQiPjx0aXRsZT5jbG9zZTwvdGl0bGU+PHBhdGggZmlsbD0iIzU2NUM2NSIgZmlsbC1ydWxlPSJldmVub2RkIiBkPSJNNTcuMDQyIDEuMTVsNS44MDkgNS44MDhhNCA0IDAgMCAxIDAgNS42NTdMNDMuNDY1IDMybDE5LjM4NiAxOS4zODVhNCA0IDAgMCAxIDAgNS42NTdsLTUuODA5IDUuODA5YTQgNCAwIDAgMS01LjY1NyAwTDMyIDQzLjQ2NSAxMi42MTUgNjIuODUxYTQgNCAwIDAgMS01LjY1NyAwbC01LjgwOS01LjgwOWE0IDQgMCAwIDEgMC01LjY1N0wyMC41MzUgMzIgMS4xNDkgMTIuNjE1YTQgNCAwIDAgMSAwLTUuNjU3bDUuODA5LTUuODA5YTQgNCAwIDAgMSA1LjY1NyAwTDMyIDIwLjUzNSA1MS4zODUgMS4xNDlhNCA0IDAgMCAxIDUuNjU3IDB6Ii8+PC9zdmc+"
                  />
                </button>
                <ul
                  class="usa-nav__primary usa-accordion"
                >
                  <li
                    class="usa-nav__primary-item"
                  >
                    <div
                      class="easi-nav"
                    >
                      <a
                        class="easi-nav__link"
                        href="/"
                      >
                        <em
                          aria-label="Home"
                          class="usa-logo__text easi-nav__label"
                        >
                          Home
                        </em>
                      </a>
                    </div>
                  </li>
                  <li
                    class="usa-nav__primary-item"
                  />
                  <li
                    class="usa-nav__primary-item"
                  >
                    <div
                      class="easi-nav"
                    >
                      <a
                        class="easi-nav__link"
                        href="/system/making-a-request"
                      >
                        <em
                          aria-label="IT Governance"
                          class="usa-logo__text easi-nav__label"
                        >
                          IT Governance
                        </em>
                      </a>
                    </div>
                  </li>
                  <li
                    class="usa-nav__primary-item"
                  >
                    <div
                      class="easi-nav"
                    >
                      <a
                        class="easi-nav__link"
                        href="/508/making-a-request"
                      >
                        <em
                          aria-label="Section 508"
                          class="usa-logo__text easi-nav__label"
                        >
                          Section 508
                        </em>
                      </a>
                    </div>
                  </li>
                  <li
                    class="usa-nav__primary-item"
                  />
                  <li
                    class="usa-nav__primary-item"
                  />
                  <li
                    class="usa-nav__primary-item"
                  >
                    <div
                      class="easi-nav__signout-container"
                    >
                      <div
                        class="easi-nav__user margin-bottom-1"
                      />
                      <a
                        aria-current="page"
                        class="signout-link active"
                        href="/"
                      >
                        <em
                          aria-label="Sign Out"
                          class="usa-logo__text text-underline"
                        >
                          Sign Out
                        </em>
                      </a>
                    </div>
                  </li>
                </ul>
              </nav>
            </div>
          </nav>
        </div>
      </div>
    </header>
    <main
      class="easi-main-content"
      id="main-content"
      role="main"
      tabindex="-1"
    >
      <div
        id="system-profile"
      >
        <div
          class="usa-summary-box system-profile__summary-box"
          data-testid="summary-box"
        >
          <div
            class="usa-summary-box__body"
          >
            <h3
              class="usa-summary-box__heading"
            />
            <div
              class="usa-summary-box__text"
            >
              <div
                class="grid-container"
                data-testid="grid"
              >
                <nav
                  aria-label="Breadcrumbs"
                  class="usa-breadcrumb usa-breadcrumb--wrap"
                >
                  <ol
                    class="usa-breadcrumb__list"
                  >
                    <li
                      class="usa-breadcrumb__list-item"
                    >
                      <span>
                        ← 
                      </span>
                      <a
                        class="usa-breadcrumb__link"
                        href="/system-profile"
                      >
                        <span>
                          Back to All Systems
                        </span>
                      </a>
                    </li>
                  </ol>
                </nav>
                <h1
                  aria-live="polite"
                  class="easi-h1 margin-top-2"
                  tabindex="-1"
                >
                  <div
                    class="bookmark__title"
                  >
                    <i
                      aria-hidden="true"
                      class="fa fa-bookmark bookmark__icon fa-1x margin-right-1"
                      data-testid="bookmark-icon"
                    />
                     
                    <span>
                      Medicare Beneficiary Contact Center 
                    </span>
                    <span
                      class="system-profile__acronym"
                    >
                      (BBC)
                    </span>
                  </div>
                  <div
                    class="system-profile__summary-body"
                  >
                    <div
                      class="easi-collapsable-link"
                    >
                      <div
                        class="easi-collapsable-link__content-no-bar"
                        id="single-system-profile"
                      >
                        <dd
                          class="description-definition margin-0 margin-bottom-2"
                        >
                          The Beneficiary Contact Center (BCC) provides an unbiased 
    central point of contact for Medicare Beneficiaries and their caregivers with 
    scripted responses on coverage information, health care choices, claims, and 
    preventive services.The Balanced Budget Act of 1997 mandated a toll free 
    line for beneficiaries. CMS created a 1-800-Medicare
                        </dd>
                        <a
                          class="usa-link usa-link--external line-height-body-5"
                          href="/"
                          target="_blank"
                        >
                          View Medicare Beneficiary Contact Center
                          <span
                            aria-hidden="true"
                          >
                             
                          </span>
                        </a>
                        <div
                          class="grid-row margin-top-3"
                          data-testid="grid"
                        >
                          <div
                            class="desktop:grid-col-6 margin-bottom-2"
                            data-testid="grid"
                          >
                            <dd
                              class="description-definition margin-0"
                            >
                              CMS Component
                            </dd>
                            <dt
                              class="text-bold margin-bottom-05 system-profile__subheader"
                            >
                              Division of Call Center Systems
                            </dt>
                          </div>
                          <div
                            class="desktop:grid-col-6 margin-bottom-2"
                            data-testid="grid"
                          >
                            <dd
                              class="description-definition margin-0"
                            >
                              Business Owner
                            </dd>
                            <dt
                              class="text-bold margin-bottom-05 system-profile__subheader"
                            >
                              Geraldine Hobbs
                            </dt>
                          </div>
                          <div
                            class="desktop:grid-col-6 margin-bottom-2"
                            data-testid="grid"
                          >
                            <dd
                              class="description-definition margin-0"
                            >
                              Go Live Date
                            </dd>
                            <dt
                              class="text-bold margin-bottom-05 system-profile__subheader"
                            >
                              Jan 6 2022
                            </dt>
                          </div>
                          <div
                            class="desktop:grid-col-6 margin-bottom-2"
                            data-testid="grid"
                          >
                            <dd
                              class="description-definition margin-0"
                            >
                              Most recent major change release
                            </dd>
                            <dt
                              class="text-bold margin-bottom-05 system-profile__subheader"
                            >
                              326-9-0
                            </dt>
                          </div>
                        </div>
                      </div>
                      <button
                        aria-controls="single-system-profile"
                        aria-expanded="true"
                        class="usa-button usa-button--unstyled text-bold margin-top-3"
                        data-testid="collapsable-link"
                        type="button"
                      >
                        <span
                          class="fa easi-collapsable-link__square easi-collapsable-link__eye-icon fa-eye-slash"
                        />
                        Hide system summary
                      </button>
                    </div>
                  </div>
                </h1>
              </div>
            </div>
          </div>
        </div>
        <div
          class="grid-container system-profile__nav"
        >
          <div
            class="usa-overlay"
          />
          <button
            class="usa-menu-btn easi-header__basic  system-profile__nav-button"
            type="button"
          >
            <h3
              class="padding-left-1"
            >
              Tools and Software
            </h3>
            <span
              class="fa fa-bars"
            />
          </button>
        </div>
        <div
          class="easi-section margin-top-5 margin-bottom-5"
          data-testid="section-wrapper"
        >
          <div
            class="grid-container"
            data-testid="grid"
          >
            <div
              class="grid-row"
              data-testid="grid"
            >
              <div
                class="desktop:grid-col-3"
                data-testid="grid"
              >
                <ul
                  class="usa-sidenav"
                  data-testid="sidenav"
                >
                  <li
                    class="usa-sidenav__item"
                  >
                    <a
                      class="nav-group-border"
                      href="/system-profile/326-9-0/home"
                    >
                      System Home
                    </a>
                  </li>
                  <li
                    class="usa-sidenav__item"
                  >
                    <a
                      class=""
                      href="/system-profile/326-9-0/details"
                    >
                      System Details
                    </a>
                  </li>
                  <li
                    class="usa-sidenav__item"
                  >
                    <a
                      class=""
                      href="/system-profile/326-9-0/team-and-contract"
                    >
                      Team and Contract
                    </a>
                  </li>
                  <li
                    class="usa-sidenav__item"
                  >
                    <a
                      class=""
                      href="/system-profile/326-9-0/funding-and-budget"
                    >
                      Funding and Budget
                    </a>
                  </li>
                  <li
                    class="usa-sidenav__item"
                  >
                    <a
                      aria-current="page"
                      class="nav-group-border usa-current"
                      href="/system-profile/326-9-0/tools-and-software"
                    >
                      Tools and Software
                    </a>
                  </li>
                  <li
                    class="usa-sidenav__item"
                  >
                    <a
                      class=""
                      href="/system-profile/326-9-0/ato"
                    >
                      ATO
                    </a>
                  </li>
                  <li
                    class="usa-sidenav__item"
                  >
                    <a
                      class=""
                      href="/system-profile/326-9-0/lifecycle-id"
                    >
                      Lifecyle ID
                    </a>
                  </li>
                  <li
                    class="usa-sidenav__item"
                  >
                    <a
                      class="nav-group-border"
                      href="/system-profile/326-9-0/section-508"
                    >
                      Section 508
                    </a>
                  </li>
                  <li
                    class="usa-sidenav__item"
                  >
                    <a
                      class=""
                      href="/system-profile/326-9-0/sub-systems"
                    >
                      Sub-systems
                    </a>
                  </li>
                  <li
                    class="usa-sidenav__item"
                  >
                    <a
                      class=""
                      href="/system-profile/326-9-0/system-data"
                    >
                      System Data
                    </a>
                  </li>
                  <li
                    class="usa-sidenav__item"
                  >
                    <a
                      class=""
                      href="/system-profile/326-9-0/documents"
                    >
                      Documents
                    </a>
                  </li>
                </ul>
              </div>
              <div
                class="desktop:grid-col-6 padding-left-5 padding-right-5"
                data-testid="grid"
              >
                <ul
                  class="usa-card-group"
                  data-testid="CardGroup"
                >
                  <li
                    class="usa-card grid-col-12"
                    data-testid="system-card"
                  >
                    <div
                      class="usa-card__container"
                    >
                      <div
                        class="grid-col-12"
                      />
                    </div>
                  </li>
                </ul>
              </div>
              <div
                class="desktop:grid-col-3"
                data-testid="grid"
              >
                <div
                  class="top-divider"
                />
                <p>
                  Point of Contact
                </p>
                <dt
                  class="text-bold margin-bottom-05 system-profile__subheader"
                >
                  Geraldine Hobbs
                </dt>
                <dd
                  class="description-definition margin-0"
                >
                  Business Owner
                </dd>
                <p>
                  <a
                    class="usa-link usa-link--external line-height-body-5"
                    href="/"
                    target="_blank"
                  >
                    Send and email
                    <span
                      aria-hidden="true"
                    >
                       
                    </span>
                  </a>
                </p>
                <p>
                  <a
                    class="usa-link usa-link--external line-height-body-5"
                    href="/"
                    target="_blank"
                  >
                    More points of contact
                    <span
                      aria-hidden="true"
                    >
                       
                    </span>
                  </a>
                </p>
              </div>
            </div>
          </div>
        </div>
      </div>
    </main>
    <footer
      class="usa-footer usa-footer--slim"
    >
      <div
        class="usa-footer__primary-section"
      >
        <div
          class="usa-footer__primary-container grid-row"
        >
          <div
            class="mobile-lg:grid-col-8"
          >
            <nav
              class="usa-footer__nav"
            >
              <ul
                class="grid-row grid-gap"
              >
                <li
                  class="desktop:grid-col-auto usa-footer__primary-content mobile-lg:grid-col-6"
                >
                  <a
                    class="usa-link usa-footer__primary-link"
                    href="/privacy-policy"
                  >
                    Privacy Policy
                  </a>
                </li>
                <li
                  class="desktop:grid-col-auto usa-footer__primary-content mobile-lg:grid-col-6"
                >
                  <a
                    class="usa-link usa-footer__primary-link"
                    href="/cookies"
                  >
                    Cookies
                  </a>
                </li>
                <li
                  class="desktop:grid-col-auto usa-footer__primary-content mobile-lg:grid-col-6"
                >
                  <a
                    class="usa-link usa-footer__primary-link"
                    href="/terms-and-conditions"
                  >
                    Terms and Conditions
                  </a>
                </li>
                <li
                  class="desktop:grid-col-auto usa-footer__primary-content mobile-lg:grid-col-6"
                >
                  <a
                    class="usa-link usa-footer__primary-link"
                    href="/accessibility-statement"
                  >
                    Accessibility Statement
                  </a>
                </li>
              </ul>
            </nav>
          </div>
        </div>
      </div>
      <div
        class="usa-footer__secondary-section"
      >
        <div
          class="grid-container"
        >
          <div>
            <div
              class="easi-footer__secondary-logo-wrap"
            >
              <img
                alt="CMS.gov Logo"
                src="cmsGovLogo.png"
              />
              <img
                alt="Department of Health and Human Services USA"
                class="margin-left-1"
                src="hhsLogo.png"
              />
            </div>
            <span>
              A federal government website managed and paid for by the U.S. Centers for Medicare & Medicaid Services. 7500 Security Boulevard, Baltimore, MD 21244
            </span>
          </div>
        </div>
      </div>
    </footer>
  </div>
</DocumentFragment>
`;
