// Vitest Snapshot v1, https://vitest.dev/guide/snapshot.html

exports[`TRB Admin Home summary > renders TRB request details 1`] = `
<DocumentFragment>
  <div
    class="easi-admin-summary"
  >
    <section
      class="easi-admin-summary__request-details bg-primary-darker"
    >
      <div
        class="grid-container text-white padding-bottom-1"
        data-testid="gridContainer"
      >
        <nav
          aria-label="Breadcrumbs"
          class="usa-breadcrumb usa-breadcrumb--wrap bg-transparent text-white"
        >
          <ol
            class="usa-breadcrumb__list"
          >
            <li
              class="usa-breadcrumb__list-item"
            >
              <a
                class="text-white text-underline usa-breadcrumb__link"
                href="/"
              >
                Home
              </a>
            </li>
            <li
              aria-current="page"
              class="usa-breadcrumb__list-item usa-current"
            >
              TRB request details
            </li>
          </ol>
        </nav>
        <div
          class="display-flex flex-align-end flex-wrap margin-bottom-2"
        >
          <h2
            class="margin-top-05 margin-bottom-0 margin-right-2"
          >
            Mock TRB Request
          </h2>
          <p
            class="margin-y-05 text-primary-light"
            data-testid="summary-submissionDate"
          >
            Submitted on 01/05/2023
          </p>
        </div>
        <div
          class="grid-row grid-gap"
          data-testid="grid"
        >
          <div
            class="tablet:grid-col-8"
            data-testid="grid"
          >
            <h5
              class="text-normal margin-y-0"
            >
              Request type
            </h5>
            <h4
              class="margin-top-05 margin-bottom-2"
            >
              I’m having a problem with my system
            </h4>
            <h5
              class="text-normal margin-y-0"
            >
              System, service, or contract name
            </h5>
            <h4
              class="margin-top-05 margin-bottom-2"
            >
              None specified
            </h4>
          </div>
          <div
            class="tablet:grid-col-4"
            data-testid="grid"
          >
            <h5
              class="text-normal margin-y-0"
            >
              Requester
            </h5>
            <h4
              class="margin-top-05 margin-bottom-2"
              data-testid="trbSummary-requester_ABCD"
            >
              Adeline Aarons, CMS
            </h4>
            <h5
              class="text-normal margin-y-0"
            >
              Contract number
            </h5>
            <h4
              class="margin-top-05 margin-bottom-2"
            >
              123124455432
            </h4>
          </div>
        </div>
      </div>
    </section>
    <section
      class="easi-admin-summary__status bg-base-lightest"
    >
      <div
        class="grid-container padding-y-1"
        data-testid="gridContainer"
      >
        <div
          class="grid-row grid-gap"
          data-testid="grid"
        >
          <div
            class="desktop:grid-col-8"
            data-testid="grid"
          >
            <div>
              <h4
                class="margin-right-1"
              >
                Status
              </h4>
              <span
                class="easi-tag easi-state-tag text-white bg-info-dark"
                data-testid="request-state"
              >
                Open
              </span>
            </div>
            <p
              class="text-base-dark"
              data-testid="trbSummary-status"
            >
              Draft request form
            </p>
          </div>
          <div
            class="tablet:grid-col-4"
            data-testid="trbSummary-trbLead"
          >
            <h4
              class="text-no-wrap width-full tablet:width-auto"
            >
              TRB Lead
            </h4>
            <span
              class="display-flex flex-align-center"
            >
              <svg
                class="usa-icon text-error margin-right-05"
                focusable="false"
                height="1em"
                role="img"
                viewBox="0 0 24 24"
                width="1em"
                xmlns="http://www.w3.org/2000/svg"
              >
                <path
                  d="M12 2C6.48 2 2 6.48 2 12s4.48 10 10 10 10-4.48 10-10S17.52 2 12 2zm1 15h-2v-2h2v2zm0-4h-2V7h2v6z"
                />
              </svg>
              Not assigned
            </span>
            <button
              class="usa-button usa-button--unstyled width-auto"
              type="button"
            >
              Assign
            </button>
          </div>
        </div>
      </div>
    </section>
  </div>
</DocumentFragment>
`;
