// Vitest Snapshot v1, https://vitest.dev/guide/snapshot.html

exports[`RequestCardTestScore > renders score 100% 1`] = `
<DocumentFragment>
  <div>
    <svg
      class="usa-icon usa-icon--size-3 text-success margin-right-1 text-middle"
      focusable="false"
      height="1em"
      role="img"
      viewBox="0 0 24 24"
      width="1em"
      xmlns="http://www.w3.org/2000/svg"
    >
      <path
        d="M0 0h24v24H0V0zm0 0h24v24H0V0z"
        fill="none"
      />
      <path
        d="M16.59 7.58 10 14.17l-3.59-3.58L5 12l5 5 8-8zM12 2C6.48 2 2 6.48 2 12s4.48 10 10 10 10-4.48 10-10S17.52 2 12 2zm0 18c-4.42 0-8-3.58-8-8s3.58-8 8-8 8 3.58 8 8-3.58 8-8 8z"
      />
    </svg>
    <span
      class="text-middle"
    >
      <span
        class="margin-right-1 text-base"
      >
        Initial Test: 01/01/2022
      </span>
      <span>
        Score: 100%
      </span>
    </span>
  </div>
</DocumentFragment>
`;

exports[`RequestCardTestScore renders score 100% 1`] = `
<DocumentFragment>
  <div>
    <svg
      class="usa-icon usa-icon--size-3 text-success margin-right-1 text-middle"
      focusable="false"
      height="1em"
      role="img"
      viewBox="0 0 24 24"
      width="1em"
      xmlns="http://www.w3.org/2000/svg"
    >
      <path
        d="M0 0h24v24H0V0zm0 0h24v24H0V0z"
        fill="none"
      />
      <path
        d="M16.59 7.58 10 14.17l-3.59-3.58L5 12l5 5 8-8zM12 2C6.48 2 2 6.48 2 12s4.48 10 10 10 10-4.48 10-10S17.52 2 12 2zm0 18c-4.42 0-8-3.58-8-8s3.58-8 8-8 8 3.58 8 8-3.58 8-8 8z"
      />
    </svg>
    <span
      class="text-middle"
    >
      <span
        class="margin-right-1 text-base"
      >
        Initial Test: 01/01/2022
      </span>
      <span>
        Score: 100%
      </span>
    </span>
  </div>
</DocumentFragment>
`;
